[INFO] Scanning for projects...
[INFO] 
[INFO] -----------------------< com.udanchoo:AshokaCRM >-----------------------
[INFO] Building AshokaCRM 0.0.1-SNAPSHOT
[INFO]   from pom.xml
[INFO] --------------------------------[ war ]---------------------------------
[INFO] 
[INFO] >>> spring-boot:2.2.1.RELEASE:run (default-cli) > test-compile @ AshokaCRM >>>
[WARNING] The artifact mysql:mysql-connector-java:jar:8.0.33 has been relocated to com.mysql:mysql-connector-j:jar:8.0.33: MySQL Connector/J artifacts moved to reverse-DNS compliant Maven 2+ coordinates.
[WARNING] The artifact org.hibernate:hibernate-validator:jar:6.1.2.Final has been relocated to org.hibernate.validator:hibernate-validator:jar:6.1.2.Final
[INFO] 
[INFO] --- resources:3.1.0:resources (default-resources) @ AshokaCRM ---
[INFO] Using 'UTF-8' encoding to copy filtered resources.
[INFO] Copying 2 resources
[INFO] Copying 16 resources
[INFO] 
[INFO] --- compiler:3.8.1:compile (default-compile) @ AshokaCRM ---
[INFO] Changes detected - recompiling the module!
[INFO] Compiling 163 source files to /Users/sarthakjain/vistaluxhms_repository/base_vistaluxhms_repository/target/classes
[INFO] /Users/sarthakjain/vistaluxhms_repository/base_vistaluxhms_repository/src/main/java/com/vistaluxhms/config/SecurityConfiguration.java: Some input files use or override a deprecated API.
[INFO] /Users/sarthakjain/vistaluxhms_repository/base_vistaluxhms_repository/src/main/java/com/vistaluxhms/config/SecurityConfiguration.java: Recompile with -Xlint:deprecation for details.
[INFO] /Users/sarthakjain/vistaluxhms_repository/base_vistaluxhms_repository/src/main/java/com/vistaluxhms/services/UserDetailsServiceImpl.java: Some input files use unchecked or unsafe operations.
[INFO] /Users/sarthakjain/vistaluxhms_repository/base_vistaluxhms_repository/src/main/java/com/vistaluxhms/services/UserDetailsServiceImpl.java: Recompile with -Xlint:unchecked for details.
[INFO] 
[INFO] --- resources:3.1.0:testResources (default-testResources) @ AshokaCRM ---
[INFO] Not copying test resources
[INFO] 
[INFO] --- compiler:3.8.1:testCompile (default-testCompile) @ AshokaCRM ---
[INFO] Not compiling test sources
[INFO] 
[INFO] <<< spring-boot:2.2.1.RELEASE:run (default-cli) < test-compile @ AshokaCRM <<<
[INFO] 
[INFO] 
[INFO] --- spring-boot:2.2.1.RELEASE:run (default-cli) @ AshokaCRM ---
[INFO] Attaching agents: []
11:55:48.747 [main] INFO org.springframework.core.KotlinDetector - Kotlin reflection implementation not found at runtime, related features won't be available.

  .   ____          _            __ _ _
 /\\ / ___'_ __ _ _(_)_ __  __ _ \ \ \ \
( ( )\___ | '_ | '_| | '_ \/ _` | \ \ \ \
 \\/  ___)| |_)| | | | | || (_| |  ) ) ) )
  '  |____| .__|_| |_|_| |_\__, | / / / /
 =========|_|==============|___/=/_/_/_/
 :: Spring Boot ::        (v2.2.1.RELEASE)

2026-02-26 11:55:48.937  INFO 36584 --- [  restartedMain] com.vistaluxhms.base.BaseApplication     : Starting BaseApplication on sarthaks-MacBook-Air-2.local with PID 36584 (/Users/sarthakjain/vistaluxhms_repository/base_vistaluxhms_repository/target/classes started by sarthakjain in /Users/sarthakjain/vistaluxhms_repository/base_vistaluxhms_repository)
2026-02-26 11:55:48.937  INFO 36584 --- [  restartedMain] com.vistaluxhms.base.BaseApplication     : No active profile set, falling back to default profiles: default
2026-02-26 11:55:48.961  INFO 36584 --- [  restartedMain] o.s.b.devtools.restart.ChangeableUrls    : The Class-Path manifest attribute in /Users/sarthakjain/.m2/repository/org/glassfish/jaxb/jaxb-runtime/2.3.2/jaxb-runtime-2.3.2.jar referenced one or more files that do not exist: file:/Users/sarthakjain/.m2/repository/org/glassfish/jaxb/jaxb-runtime/2.3.2/jakarta.xml.bind-api-2.3.2.jar,file:/Users/sarthakjain/.m2/repository/org/glassfish/jaxb/jaxb-runtime/2.3.2/txw2-2.3.2.jar,file:/Users/sarthakjain/.m2/repository/org/glassfish/jaxb/jaxb-runtime/2.3.2/istack-commons-runtime-3.0.8.jar,file:/Users/sarthakjain/.m2/repository/org/glassfish/jaxb/jaxb-runtime/2.3.2/stax-ex-1.8.1.jar,file:/Users/sarthakjain/.m2/repository/org/glassfish/jaxb/jaxb-runtime/2.3.2/FastInfoset-1.2.16.jar,file:/Users/sarthakjain/.m2/repository/org/glassfish/jaxb/jaxb-runtime/2.3.2/jakarta.activation-api-1.2.1.jar
2026-02-26 11:55:48.962  INFO 36584 --- [  restartedMain] .e.DevToolsPropertyDefaultsPostProcessor : Devtools property defaults active! Set 'spring.devtools.add-properties' to 'false' to disable
2026-02-26 11:55:48.962  INFO 36584 --- [  restartedMain] .e.DevToolsPropertyDefaultsPostProcessor : For additional web related logging consider setting the 'logging.level.web' property to 'DEBUG'
2026-02-26 11:55:48.990  WARN 36584 --- [kground-preinit] o.s.h.c.j.Jackson2ObjectMapperBuilder    : For Jackson Kotlin classes support please add "com.fasterxml.jackson.module:jackson-module-kotlin" to the classpath
2026-02-26 11:55:49.810  INFO 36584 --- [  restartedMain] .s.d.r.c.RepositoryConfigurationDelegate : Bootstrapping Spring Data repositories in DEFAULT mode.
2026-02-26 11:55:50.406  INFO 36584 --- [  restartedMain] .s.d.r.c.RepositoryConfigurationDelegate : Finished Spring Data repository scanning in 592ms. Found 35 repository interfaces.
2026-02-26 11:55:50.799  INFO 36584 --- [  restartedMain] trationDelegate$BeanPostProcessorChecker : Bean 'org.springframework.transaction.annotation.ProxyTransactionManagementConfiguration' of type [org.springframework.transaction.annotation.ProxyTransactionManagementConfiguration] is not eligible for getting processed by all BeanPostProcessors (for example: not eligible for auto-proxying)
2026-02-26 11:55:50.809  INFO 36584 --- [  restartedMain] trationDelegate$BeanPostProcessorChecker : Bean 'org.springframework.security.config.annotation.configuration.ObjectPostProcessorConfiguration' of type [org.springframework.security.config.annotation.configuration.ObjectPostProcessorConfiguration] is not eligible for getting processed by all BeanPostProcessors (for example: not eligible for auto-proxying)
2026-02-26 11:55:50.810  INFO 36584 --- [  restartedMain] trationDelegate$BeanPostProcessorChecker : Bean 'objectPostProcessor' of type [org.springframework.security.config.annotation.configuration.AutowireBeanFactoryObjectPostProcessor] is not eligible for getting processed by all BeanPostProcessors (for example: not eligible for auto-proxying)
2026-02-26 11:55:50.811  INFO 36584 --- [  restartedMain] trationDelegate$BeanPostProcessorChecker : Bean 'org.springframework.security.access.expression.method.DefaultMethodSecurityExpressionHandler@1a6869d0' of type [org.springframework.security.access.expression.method.DefaultMethodSecurityExpressionHandler] is not eligible for getting processed by all BeanPostProcessors (for example: not eligible for auto-proxying)
2026-02-26 11:55:50.811  INFO 36584 --- [  restartedMain] trationDelegate$BeanPostProcessorChecker : Bean 'org.springframework.security.config.annotation.method.configuration.GlobalMethodSecurityConfiguration' of type [org.springframework.security.config.annotation.method.configuration.GlobalMethodSecurityConfiguration] is not eligible for getting processed by all BeanPostProcessors (for example: not eligible for auto-proxying)
2026-02-26 11:55:50.812  INFO 36584 --- [  restartedMain] trationDelegate$BeanPostProcessorChecker : Bean 'methodSecurityMetadataSource' of type [org.springframework.security.access.method.DelegatingMethodSecurityMetadataSource] is not eligible for getting processed by all BeanPostProcessors (for example: not eligible for auto-proxying)
2026-02-26 11:55:50.977  INFO 36584 --- [  restartedMain] o.s.b.w.embedded.tomcat.TomcatWebServer  : Tomcat initialized with port(s): 8080 (http)
2026-02-26 11:55:50.986  INFO 36584 --- [  restartedMain] o.apache.catalina.core.StandardService   : Starting service [Tomcat]
2026-02-26 11:55:50.986  INFO 36584 --- [  restartedMain] org.apache.catalina.core.StandardEngine  : Starting Servlet engine: [Apache Tomcat/9.0.27]
2026-02-26 11:55:51.168  INFO 36584 --- [  restartedMain] org.apache.jasper.servlet.TldScanner     : At least one JAR was scanned for TLDs yet contained no TLDs. Enable debug logging for this logger for a complete list of JARs that were scanned but no TLDs were found in them. Skipping unneeded JARs during scanning can improve startup time and JSP compilation time.
2026-02-26 11:55:51.173  INFO 36584 --- [  restartedMain] o.a.c.c.C.[.[localhost].[/ashokacrm]     : Initializing Spring embedded WebApplicationContext
2026-02-26 11:55:51.173  INFO 36584 --- [  restartedMain] o.s.web.context.ContextLoader            : Root WebApplicationContext: initialization completed in 2211 ms
2026-02-26 11:55:51.557  INFO 36584 --- [  restartedMain] o.hibernate.jpa.internal.util.LogHelper  : HHH000204: Processing PersistenceUnitInfo [name: default]
2026-02-26 11:55:51.592  INFO 36584 --- [  restartedMain] org.hibernate.Version                    : HHH000412: Hibernate ORM core version 5.4.12.Final
2026-02-26 11:55:51.663  INFO 36584 --- [  restartedMain] o.hibernate.annotations.common.Version   : HCANN000001: Hibernate Commons Annotations {5.1.0.Final}
2026-02-26 11:55:51.710  INFO 36584 --- [  restartedMain] com.zaxxer.hikari.HikariDataSource       : HikariPool-1 - Starting...
2026-02-26 11:55:51.963  INFO 36584 --- [  restartedMain] com.zaxxer.hikari.HikariDataSource       : HikariPool-1 - Start completed.
2026-02-26 11:55:51.970  INFO 36584 --- [  restartedMain] org.hibernate.dialect.Dialect            : HHH000400: Using dialect: org.hibernate.dialect.MySQL8Dialect
2026-02-26 11:55:52.885  INFO 36584 --- [  restartedMain] o.h.e.t.j.p.i.JtaPlatformInitiator       : HHH000490: Using JtaPlatform implementation: [org.hibernate.engine.transaction.jta.platform.internal.NoJtaPlatform]
2026-02-26 11:55:52.890  INFO 36584 --- [  restartedMain] j.LocalContainerEntityManagerFactoryBean : Initialized JPA EntityManagerFactory for persistence unit 'default'
2026-02-26 11:55:52.905  INFO 36584 --- [  restartedMain] o.s.b.d.a.OptionalLiveReloadServer       : LiveReload server is running on port 35729
2026-02-26 11:55:53.512  WARN 36584 --- [  restartedMain] JpaBaseConfiguration$JpaWebConfiguration : spring.jpa.open-in-view is enabled by default. Therefore, database queries may be performed during view rendering. Explicitly configure spring.jpa.open-in-view to disable this warning
2026-02-26 11:55:54.157  INFO 36584 --- [  restartedMain] o.s.s.web.DefaultSecurityFilterChain     : Creating filter chain: any request, [org.springframework.security.web.context.request.async.WebAsyncManagerIntegrationFilter@71b134c3, org.springframework.security.web.context.SecurityContextPersistenceFilter@38b2467b, org.springframework.security.web.header.HeaderWriterFilter@5681b66d, org.springframework.security.web.authentication.logout.LogoutFilter@689cd6cb, org.springframework.security.web.authentication.UsernamePasswordAuthenticationFilter@9ec820c, org.springframework.security.web.savedrequest.RequestCacheAwareFilter@440ee097, org.springframework.security.web.servletapi.SecurityContextHolderAwareRequestFilter@25ed25d5, org.springframework.security.web.authentication.AnonymousAuthenticationFilter@5ebb7593, org.springframework.security.web.session.SessionManagementFilter@239bcedb, org.springframework.security.web.access.ExceptionTranslationFilter@3809899b, org.springframework.security.web.access.intercept.FilterSecurityInterceptor@145e320a]
2026-02-26 11:55:54.229  INFO 36584 --- [  restartedMain] o.s.s.concurrent.ThreadPoolTaskExecutor  : Initializing ExecutorService 'applicationTaskExecutor'
2026-02-26 11:55:54.522  INFO 36584 --- [  restartedMain] o.s.s.c.ThreadPoolTaskScheduler          : Initializing ExecutorService 'taskScheduler'
2026-02-26 11:55:54.558  INFO 36584 --- [  restartedMain] o.s.b.w.embedded.tomcat.TomcatWebServer  : Tomcat started on port(s): 8080 (http) with context path '/ashokacrm'
2026-02-26 11:55:54.560  INFO 36584 --- [  restartedMain] com.vistaluxhms.base.BaseApplication     : Started BaseApplication in 5.745 seconds (JVM running for 5.93)
[InstagramLeadService] Automating scheduled lead sync at: Thu Feb 26 12:00:00 IST 2026
[InstagramLeadService] Error fetching leads: Meta API returned HTTP 400: {"error":{"message":"Error validating access token: The session is invalid because the user logged out.","type":"OAuthException","code":190,"error_subcode":467,"fbtrace_id":"AhGgM574ftb3B7b3T5f1OhT"}}
[InstagramLeadService] Scheduled sync complete. Imported leads: 1
[InstagramLeadService] Automating scheduled lead sync at: Thu Feb 26 12:15:00 IST 2026
[InstagramLeadService] Error fetching leads: Meta API returned HTTP 400: {"error":{"message":"Error validating access token: The session is invalid because the user logged out.","type":"OAuthException","code":190,"error_subcode":467,"fbtrace_id":"AyHFC4MkUx7SXYIqttVVdES"}}
[InstagramLeadService] Scheduled sync complete. Imported leads: 1
[InstagramLeadService] Automating scheduled lead sync at: Thu Feb 26 12:30:00 IST 2026
[InstagramLeadService] Error fetching leads: Meta API returned HTTP 400: {"error":{"message":"Error validating access token: The session is invalid because the user logged out.","type":"OAuthException","code":190,"error_subcode":467,"fbtrace_id":"ARbb7Yun9-W6qTwrpL_9eQ3"}}
[InstagramLeadService] Scheduled sync complete. Imported leads: 1
[InstagramLeadService] Automating scheduled lead sync at: Thu Feb 26 12:45:00 IST 2026
[InstagramLeadService] Error fetching leads: Meta API returned HTTP 400: {"error":{"message":"Error validating access token: The session is invalid because the user logged out.","type":"OAuthException","code":190,"error_subcode":467,"fbtrace_id":"AIrxgf8vtX_LhNIcsJegOvs"}}
[InstagramLeadService] Scheduled sync complete. Imported leads: 1
[InstagramLeadService] Automating scheduled lead sync at: Thu Feb 26 13:00:00 IST 2026
[InstagramLeadService] Error fetching leads: Meta API returned HTTP 400: {"error":{"message":"Error validating access token: The session is invalid because the user logged out.","type":"OAuthException","code":190,"error_subcode":467,"fbtrace_id":"A5M09cHo-p8gQaf-p0YW3LI"}}
[InstagramLeadService] Scheduled sync complete. Imported leads: 1
[InstagramLeadService] Automating scheduled lead sync at: Thu Feb 26 13:15:00 IST 2026
[InstagramLeadService] Error fetching leads: Meta API returned HTTP 400: {"error":{"message":"Error validating access token: The session is invalid because the user logged out.","type":"OAuthException","code":190,"error_subcode":467,"fbtrace_id":"Acj7FAZA_4fRAMua5dOiBrF"}}
[InstagramLeadService] Scheduled sync complete. Imported leads: 1
[InstagramLeadService] Automating scheduled lead sync at: Thu Feb 26 13:30:00 IST 2026
[InstagramLeadService] Error fetching leads: Meta API returned HTTP 400: {"error":{"message":"Error validating access token: The session is invalid because the user logged out.","type":"OAuthException","code":190,"error_subcode":467,"fbtrace_id":"AkcvNkMq9cDvZ_Q0suek_JW"}}
[InstagramLeadService] Scheduled sync complete. Imported leads: 1
2026-02-26 13:32:33.625  INFO 36584 --- [nio-8080-exec-1] o.a.c.c.C.[.[localhost].[/ashokacrm]     : Initializing Spring DispatcherServlet 'dispatcherServlet'
2026-02-26 13:32:33.632  INFO 36584 --- [nio-8080-exec-1] o.s.web.servlet.DispatcherServlet        : Initializing Servlet 'dispatcherServlet'
2026-02-26 13:32:33.677  INFO 36584 --- [nio-8080-exec-1] o.s.web.servlet.DispatcherServlet        : Completed initialization in 44 ms
2026-02-26 13:34:46.047  WARN 36584 --- [l-1 housekeeper] com.zaxxer.hikari.pool.HikariPool        : HikariPool-1 - Thread starvation or clock leap detected (housekeeper delta=53s90ms).
[InstagramLeadService] Automating scheduled lead sync at: Thu Feb 26 13:45:23 IST 2026
[InstagramLeadService] Error fetching leads: Meta API returned HTTP 400: {"error":{"message":"Error validating access token: The session is invalid because the user logged out.","type":"OAuthException","code":190,"error_subcode":467,"fbtrace_id":"Ao8F4-CyJuWS8FWcNp5rFh_"}}
[InstagramLeadService] Scheduled sync complete. Imported leads: 1
Hibernate: select ashokateam0_.userId as userid1_0_, ashokateam0_.aadharCard as aadharca2_0_, ashokateam0_.accountExpired as accounte3_0_, ashokateam0_.accountLocked as accountl4_0_, ashokateam0_.active as active5_0_, ashokateam0_.address as address6_0_, ashokateam0_.credentialsExpired as credenti7_0_, ashokateam0_.deleted as deleted8_0_, ashokateam0_.designation as designat9_0_, ashokateam0_.dob as dob10_0_, ashokateam0_.doj as doj11_0_, ashokateam0_.Email as email12_0_, ashokateam0_.fixedincentive as fixedin13_0_, ashokateam0_.gender as gender14_0_, ashokateam0_.lastWorkingDay as lastwor15_0_, ashokateam0_.maritalStatus as marital16_0_, ashokateam0_.mobile as mobile17_0_, ashokateam0_.name as name18_0_, ashokateam0_.panCard as pancard19_0_, ashokateam0_.password as passwor20_0_, ashokateam0_.personalEmail as persona21_0_, ashokateam0_.personalMobile as persona22_0_, ashokateam0_.remarks as remarks23_0_, ashokateam0_.shift as shift24_0_, ashokateam0_.type as type25_0_, ashokateam0_.username as usernam26_0_ from ashokateam ashokateam0_ where ashokateam0_.username=? and ashokateam0_.active=? and ashokateam0_.deleted=? and ashokateam0_.accountLocked=? and ashokateam0_.accountExpired=? and ashokateam0_.credentialsExpired=?
Hibernate: select roles0_.userId as userid1_1_0_, roles0_.roleId as roleid2_1_0_, roleentity1_.roleId as roleid1_29_1_, roleentity1_.roleName as rolename2_29_1_, roleentity1_.roleTarget as roletarg3_29_1_ from ashokateam_role roles0_ inner join role roleentity1_ on roles0_.roleId=roleentity1_.roleId where roles0_.userId=?
Hibernate: select centralcon0_.id as id1_17_, centralcon0_.accountName as accountn2_17_, centralcon0_.account_number as account_3_17_, centralcon0_.bank_name as bank_nam4_17_, centralcon0_.baseUrl as baseurl5_17_, centralcon0_.branch as branch6_17_, centralcon0_.hotel_central_number as hotel_ce7_17_, centralcon0_.centralized_email as centrali8_17_, centralcon0_.companyName as companyn9_17_, centralcon0_.escalationEmail as escalat10_17_, centralcon0_.escalationPhone as escalat11_17_, centralcon0_.facebook_link as faceboo12_17_, centralcon0_.global_watcher_emails as global_13_17_, centralcon0_.global_watcher_enabled as global_14_17_, centralcon0_.resort_gst_number as resort_15_17_, centralcon0_.hotel_address as hotel_a16_17_, centralcon0_.hotelInfo as hotelin17_17_, centralcon0_.hotel_name as hotel_n18_17_, centralcon0_.ifsc_code as ifsc_co19_17_, centralcon0_.inclusions as inclusi20_17_, centralcon0_.instagram_link as instagr21_17_, centralcon0_.linkedin_link as linkedi22_17_, centralcon0_.logo_path as logo_pa23_17_, centralcon0_.quotationTopCover as quotati24_17_, centralcon0_.tnc as tnc25_17_, centralcon0_.usp as usp26_17_, centralcon0_.website as website27_17_, centralcon0_.x_link as x_link28_17_, centralcon0_.youtube_link as youtube29_17_ from hotel_central_config centralcon0_ order by centralcon0_.id asc limit ?
Hibernate: select ashokateam0_.userId as userid1_0_, ashokateam0_.aadharCard as aadharca2_0_, ashokateam0_.accountExpired as accounte3_0_, ashokateam0_.accountLocked as accountl4_0_, ashokateam0_.active as active5_0_, ashokateam0_.address as address6_0_, ashokateam0_.credentialsExpired as credenti7_0_, ashokateam0_.deleted as deleted8_0_, ashokateam0_.designation as designat9_0_, ashokateam0_.dob as dob10_0_, ashokateam0_.doj as doj11_0_, ashokateam0_.Email as email12_0_, ashokateam0_.fixedincentive as fixedin13_0_, ashokateam0_.gender as gender14_0_, ashokateam0_.lastWorkingDay as lastwor15_0_, ashokateam0_.maritalStatus as marital16_0_, ashokateam0_.mobile as mobile17_0_, ashokateam0_.name as name18_0_, ashokateam0_.panCard as pancard19_0_, ashokateam0_.password as passwor20_0_, ashokateam0_.personalEmail as persona21_0_, ashokateam0_.personalMobile as persona22_0_, ashokateam0_.remarks as remarks23_0_, ashokateam0_.shift as shift24_0_, ashokateam0_.type as type25_0_, ashokateam0_.username as usernam26_0_ from ashokateam ashokateam0_ where ashokateam0_.username=? and ashokateam0_.active=? and ashokateam0_.deleted=? and ashokateam0_.accountLocked=? and ashokateam0_.accountExpired=? and ashokateam0_.credentialsExpired=?
Hibernate: select roles0_.userId as userid1_1_0_, roles0_.roleId as roleid2_1_0_, roleentity1_.roleId as roleid1_29_1_, roleentity1_.roleName as rolename2_29_1_, roleentity1_.roleTarget as roletarg3_29_1_ from ashokateam_role roles0_ inner join role roleentity1_ on roles0_.roleId=roleentity1_.roleId where roles0_.userId=?
Hibernate: select ashokateam0_.userId as userid1_0_, ashokateam0_.aadharCard as aadharca2_0_, ashokateam0_.accountExpired as accounte3_0_, ashokateam0_.accountLocked as accountl4_0_, ashokateam0_.active as active5_0_, ashokateam0_.address as address6_0_, ashokateam0_.credentialsExpired as credenti7_0_, ashokateam0_.deleted as deleted8_0_, ashokateam0_.designation as designat9_0_, ashokateam0_.dob as dob10_0_, ashokateam0_.doj as doj11_0_, ashokateam0_.Email as email12_0_, ashokateam0_.fixedincentive as fixedin13_0_, ashokateam0_.gender as gender14_0_, ashokateam0_.lastWorkingDay as lastwor15_0_, ashokateam0_.maritalStatus as marital16_0_, ashokateam0_.mobile as mobile17_0_, ashokateam0_.name as name18_0_, ashokateam0_.panCard as pancard19_0_, ashokateam0_.password as passwor20_0_, ashokateam0_.personalEmail as persona21_0_, ashokateam0_.personalMobile as persona22_0_, ashokateam0_.remarks as remarks23_0_, ashokateam0_.shift as shift24_0_, ashokateam0_.type as type25_0_, ashokateam0_.username as usernam26_0_ from ashokateam ashokateam0_ where ashokateam0_.username=? and ashokateam0_.active=? and ashokateam0_.deleted=? and ashokateam0_.accountLocked=? and ashokateam0_.accountExpired=? and ashokateam0_.credentialsExpired=?
Hibernate: select roles0_.userId as userid1_1_0_, roles0_.roleId as roleid2_1_0_, roleentity1_.roleId as roleid1_29_1_, roleentity1_.roleName as rolename2_29_1_, roleentity1_.roleTarget as roletarg3_29_1_ from ashokateam_role roles0_ inner join role roleentity1_ on roles0_.roleId=roleentity1_.roleId where roles0_.userId=?
Hibernate: select salespartn0_.salesPartnerId as salespar1_30_, salespartn0_.active as active2_30_, salespartn0_.address as address3_30_, salespartn0_.cityId as cityid4_30_, salespartn0_.created_at as created_5_30_, salespartn0_.description as descript6_30_, salespartn0_.emailId as emailid7_30_, salespartn0_.mobile as mobile8_30_, salespartn0_.rateTypeId as ratetyp13_30_, salespartn0_.reference as referenc9_30_, salespartn0_.salesPartnerName as salespa10_30_, salespartn0_.salesPartnerShortName as salespa11_30_, salespartn0_.updated_at as updated12_30_ from salespartner salespartn0_ where salespartn0_.active=? order by salespartn0_.salesPartnerShortName asc
Hibernate: select ratetypeen0_.rateTypeId as ratetype1_28_0_, ratetypeen0_.active as active2_28_0_, ratetypeen0_.description as descript3_28_0_, ratetypeen0_.rateTypeName as ratetype4_28_0_ from ratetype ratetypeen0_ where ratetypeen0_.rateTypeId=?
Hibernate: select ashokateam0_.userId as userid1_0_, ashokateam0_.aadharCard as aadharca2_0_, ashokateam0_.accountExpired as accounte3_0_, ashokateam0_.accountLocked as accountl4_0_, ashokateam0_.active as active5_0_, ashokateam0_.address as address6_0_, ashokateam0_.credentialsExpired as credenti7_0_, ashokateam0_.deleted as deleted8_0_, ashokateam0_.designation as designat9_0_, ashokateam0_.dob as dob10_0_, ashokateam0_.doj as doj11_0_, ashokateam0_.Email as email12_0_, ashokateam0_.fixedincentive as fixedin13_0_, ashokateam0_.gender as gender14_0_, ashokateam0_.lastWorkingDay as lastwor15_0_, ashokateam0_.maritalStatus as marital16_0_, ashokateam0_.mobile as mobile17_0_, ashokateam0_.name as name18_0_, ashokateam0_.panCard as pancard19_0_, ashokateam0_.password as passwor20_0_, ashokateam0_.personalEmail as persona21_0_, ashokateam0_.personalMobile as persona22_0_, ashokateam0_.remarks as remarks23_0_, ashokateam0_.shift as shift24_0_, ashokateam0_.type as type25_0_, ashokateam0_.username as usernam26_0_ from ashokateam ashokateam0_ where ashokateam0_.active=? and ashokateam0_.accountExpired=?
Hibernate: select workload_s0_.id as id1_36_, workload_s0_.active as active2_36_, workload_s0_.workloadCategory as workload3_36_, workload_s0_.workloadStatusId as workload4_36_, workload_s0_.workloadStatusName as workload5_36_, workload_s0_.workloadStatusObj as workload6_36_, workload_s0_.workloadStatusObjType as workload7_36_ from workload_status workload_s0_ where workload_s0_.workloadStatusObj=? order by workload_s0_.workloadStatusId
Hibernate: select workload_s0_.id as id1_36_, workload_s0_.active as active2_36_, workload_s0_.workloadCategory as workload3_36_, workload_s0_.workloadStatusId as workload4_36_, workload_s0_.workloadStatusName as workload5_36_, workload_s0_.workloadStatusObj as workload6_36_, workload_s0_.workloadStatusObjType as workload7_36_ from workload_status workload_s0_ where workload_s0_.workloadStatusObj=? order by workload_s0_.workloadStatusId
Hibernate: select salespartn0_.salesPartnerId as salespar1_30_, salespartn0_.active as active2_30_, salespartn0_.address as address3_30_, salespartn0_.cityId as cityid4_30_, salespartn0_.created_at as created_5_30_, salespartn0_.description as descript6_30_, salespartn0_.emailId as emailid7_30_, salespartn0_.mobile as mobile8_30_, salespartn0_.rateTypeId as ratetyp13_30_, salespartn0_.reference as referenc9_30_, salespartn0_.salesPartnerName as salespa10_30_, salespartn0_.salesPartnerShortName as salespa11_30_, salespartn0_.updated_at as updated12_30_ from salespartner salespartn0_ where salespartn0_.active=? order by salespartn0_.salesPartnerShortName asc
Hibernate: select ratetypeen0_.rateTypeId as ratetype1_28_0_, ratetypeen0_.active as active2_28_0_, ratetypeen0_.description as descript3_28_0_, ratetypeen0_.rateTypeName as ratetype4_28_0_ from ratetype ratetypeen0_ where ratetypeen0_.rateTypeId=?
Hibernate: select ashokateam0_.userId as userid1_0_, ashokateam0_.aadharCard as aadharca2_0_, ashokateam0_.accountExpired as accounte3_0_, ashokateam0_.accountLocked as accountl4_0_, ashokateam0_.active as active5_0_, ashokateam0_.address as address6_0_, ashokateam0_.credentialsExpired as credenti7_0_, ashokateam0_.deleted as deleted8_0_, ashokateam0_.designation as designat9_0_, ashokateam0_.dob as dob10_0_, ashokateam0_.doj as doj11_0_, ashokateam0_.Email as email12_0_, ashokateam0_.fixedincentive as fixedin13_0_, ashokateam0_.gender as gender14_0_, ashokateam0_.lastWorkingDay as lastwor15_0_, ashokateam0_.maritalStatus as marital16_0_, ashokateam0_.mobile as mobile17_0_, ashokateam0_.name as name18_0_, ashokateam0_.panCard as pancard19_0_, ashokateam0_.password as passwor20_0_, ashokateam0_.personalEmail as persona21_0_, ashokateam0_.personalMobile as persona22_0_, ashokateam0_.remarks as remarks23_0_, ashokateam0_.shift as shift24_0_, ashokateam0_.type as type25_0_, ashokateam0_.username as usernam26_0_ from ashokateam ashokateam0_ where ashokateam0_.active=? and ashokateam0_.accountExpired=?
Hibernate: select roles0_.userId as userid1_1_0_, roles0_.roleId as roleid2_1_0_, roleentity1_.roleId as roleid1_29_1_, roleentity1_.roleName as rolename2_29_1_, roleentity1_.roleTarget as roletarg3_29_1_ from ashokateam_role roles0_ inner join role roleentity1_ on roles0_.roleId=roleentity1_.roleId where roles0_.userId=?
Hibernate: select ashokateam0_.userId as userid1_0_, ashokateam0_.aadharCard as aadharca2_0_, ashokateam0_.accountExpired as accounte3_0_, ashokateam0_.accountLocked as accountl4_0_, ashokateam0_.active as active5_0_, ashokateam0_.address as address6_0_, ashokateam0_.credentialsExpired as credenti7_0_, ashokateam0_.deleted as deleted8_0_, ashokateam0_.designation as designat9_0_, ashokateam0_.dob as dob10_0_, ashokateam0_.doj as doj11_0_, ashokateam0_.Email as email12_0_, ashokateam0_.fixedincentive as fixedin13_0_, ashokateam0_.gender as gender14_0_, ashokateam0_.lastWorkingDay as lastwor15_0_, ashokateam0_.maritalStatus as marital16_0_, ashokateam0_.mobile as mobile17_0_, ashokateam0_.name as name18_0_, ashokateam0_.panCard as pancard19_0_, ashokateam0_.password as passwor20_0_, ashokateam0_.personalEmail as persona21_0_, ashokateam0_.personalMobile as persona22_0_, ashokateam0_.remarks as remarks23_0_, ashokateam0_.shift as shift24_0_, ashokateam0_.type as type25_0_, ashokateam0_.username as usernam26_0_ from ashokateam ashokateam0_ where ashokateam0_.username=? and ashokateam0_.active=? and ashokateam0_.deleted=? and ashokateam0_.accountLocked=? and ashokateam0_.accountExpired=? and ashokateam0_.credentialsExpired=?
Hibernate: select distinct leadentity0_.leadId as leadid1_20_, leadentity0_.created_at as created_2_20_, leadentity0_.updated_at as updated_3_20_, leadentity0_.adults as adults4_20_, leadentity0_.checkInDate as checkind5_20_, leadentity0_.checkOutDate as checkout6_20_, leadentity0_.clientId as clienti22_20_, leadentity0_.clientRemarks as clientre7_20_, leadentity0_.CNB as cnb8_20_, leadentity0_.compChild as compchil9_20_, leadentity0_.CWB as cwb10_20_, leadentity0_.FIT as fit11_20_, leadentity0_.flagged as flagged12_20_, leadentity0_.groupEvent as groupev13_20_, leadentity0_.internalRemarks as interna14_20_, leadentity0_.leadCreationClientInformed as leadcre15_20_, leadentity0_.leadOwner as leadown16_20_, leadentity0_.leadStatus as leadsta17_20_, leadentity0_.Marriage as marriag18_20_, leadentity0_.Others as others19_20_, leadentity0_.qualified as qualifi20_20_, leadentity0_.resultReason as resultr21_20_ from lead_master leadentity0_ left outer join client cliententi2_ on leadentity0_.clientId=cliententi2_.clientId left outer join salespartner salespartn3_ on cliententi2_.salesPartnerId=salespartn3_.salesPartnerId cross join workload_status workload_s1_ where workload_s1_.workloadCategory=1000 and leadentity0_.leadStatus=workload_s1_.workloadStatusId order by leadentity0_.leadId desc limit ?
Hibernate: select cliententi0_.clientId as clientid1_7_0_, cliententi0_.active as active2_7_0_, cliententi0_.b2b as b3_7_0_, cliententi0_.cityId as cityid10_7_0_, cliententi0_.clientName as clientna4_7_0_, cliententi0_.emailId as emailid5_7_0_, cliententi0_.mobile as mobile6_7_0_, cliententi0_.reference as referenc7_7_0_, cliententi0_.remarks as remarks8_7_0_, cliententi0_.salesPartnerId as salespa11_7_0_, cliententi0_.isSalesPartner as issalesp9_7_0_, city_entit1_.destinationId as destinat1_6_1_, city_entit1_.active as active2_6_1_, city_entit1_.cityName as cityname3_6_1_, city_entit1_.countryCode as countryc4_6_1_, city_entit1_.countryName as countryn5_6_1_, salespartn2_.salesPartnerId as salespar1_30_2_, salespartn2_.active as active2_30_2_, salespartn2_.address as address3_30_2_, salespartn2_.cityId as cityid4_30_2_, salespartn2_.created_at as created_5_30_2_, salespartn2_.description as descript6_30_2_, salespartn2_.emailId as emailid7_30_2_, salespartn2_.mobile as mobile8_30_2_, salespartn2_.rateTypeId as ratetyp13_30_2_, salespartn2_.reference as referenc9_30_2_, salespartn2_.salesPartnerName as salespa10_30_2_, salespartn2_.salesPartnerShortName as salespa11_30_2_, salespartn2_.updated_at as updated12_30_2_, ratetypeen3_.rateTypeId as ratetype1_28_3_, ratetypeen3_.active as active2_28_3_, ratetypeen3_.description as descript3_28_3_, ratetypeen3_.rateTypeName as ratetype4_28_3_ from client cliententi0_ left outer join cities city_entit1_ on cliententi0_.cityId=city_entit1_.destinationId left outer join salespartner salespartn2_ on cliententi0_.salesPartnerId=salespartn2_.salesPartnerId left outer join ratetype ratetypeen3_ on salespartn2_.rateTypeId=ratetypeen3_.rateTypeId where cliententi0_.clientId=?
Hibernate: select workload_s0_.id as id1_36_, workload_s0_.active as active2_36_, workload_s0_.workloadCategory as workload3_36_, workload_s0_.workloadStatusId as workload4_36_, workload_s0_.workloadStatusName as workload5_36_, workload_s0_.workloadStatusObj as workload6_36_, workload_s0_.workloadStatusObjType as workload7_36_ from workload_status workload_s0_ where workload_s0_.workloadStatusId=?
[InstagramLeadService] Error fetching leads: Meta API returned HTTP 400: {"error":{"message":"Error validating access token: The session is invalid because the user logged out.","type":"OAuthException","code":190,"error_subcode":467,"fbtrace_id":"AL2f45FBAoFWaRMefVUlLNC"}}
Hibernate: SELECT COUNT(*) FROM social_lead_log
[InstagramLeadService] Automating scheduled lead sync at: Thu Feb 26 14:00:00 IST 2026
[InstagramLeadService] Error fetching leads: Meta API returned HTTP 400: {"error":{"message":"Error validating access token: The session is invalid because the user logged out.","type":"OAuthException","code":190,"error_subcode":467,"fbtrace_id":"AfU7DkHgSeaPDPA430ZlPub"}}
[InstagramLeadService] Scheduled sync complete. Imported leads: 1
[InstagramLeadService] Automating scheduled lead sync at: Thu Feb 26 14:15:00 IST 2026
[InstagramLeadService] Error fetching leads: Meta API returned HTTP 400: {"error":{"message":"Error validating access token: The session is invalid because the user logged out.","type":"OAuthException","code":190,"error_subcode":467,"fbtrace_id":"AArnV-1i6i7mt6RzETOzSp4"}}
[InstagramLeadService] Scheduled sync complete. Imported leads: 1
[InstagramLeadService] Automating scheduled lead sync at: Thu Feb 26 14:30:00 IST 2026
[InstagramLeadService] Error fetching leads: Meta API returned HTTP 400: {"error":{"message":"Error validating access token: The session is invalid because the user logged out.","type":"OAuthException","code":190,"error_subcode":467,"fbtrace_id":"A_5ZroE_6n4dsvB8iJXEUlD"}}
[InstagramLeadService] Scheduled sync complete. Imported leads: 1
[InstagramLeadService] Automating scheduled lead sync at: Thu Feb 26 14:45:00 IST 2026
[InstagramLeadService] Error fetching leads: Meta API returned HTTP 400: {"error":{"message":"Error validating access token: The session is invalid because the user logged out.","type":"OAuthException","code":190,"error_subcode":467,"fbtrace_id":"AVnaA0BX8fOxpm2Tw9Oizs5"}}
[InstagramLeadService] Scheduled sync complete. Imported leads: 1
[InstagramLeadService] Automating scheduled lead sync at: Thu Feb 26 15:00:00 IST 2026
[InstagramLeadService] Error fetching leads: Meta API returned HTTP 400: {"error":{"message":"Error validating access token: The session is invalid because the user logged out.","type":"OAuthException","code":190,"error_subcode":467,"fbtrace_id":"AlVk17AJIUUWAsD1IRBjjZc"}}
[InstagramLeadService] Scheduled sync complete. Imported leads: 1
[InstagramLeadService] Automating scheduled lead sync at: Thu Feb 26 15:15:00 IST 2026
[InstagramLeadService] Error fetching leads: Meta API returned HTTP 400: {"error":{"message":"Error validating access token: The session is invalid because the user logged out.","type":"OAuthException","code":190,"error_subcode":467,"fbtrace_id":"AB2bdnoUlX545_5qaLShJFx"}}
[InstagramLeadService] Scheduled sync complete. Imported leads: 1
[InstagramLeadService] Automating scheduled lead sync at: Thu Feb 26 15:30:00 IST 2026
[InstagramLeadService] Error fetching leads: Meta API returned HTTP 400: {"error":{"message":"Error validating access token: The session is invalid because the user logged out.","type":"OAuthException","code":190,"error_subcode":467,"fbtrace_id":"AbkNUXO5ibm2c75Lpd663wE"}}
[InstagramLeadService] Scheduled sync complete. Imported leads: 1
[InstagramLeadService] Automating scheduled lead sync at: Thu Feb 26 15:45:00 IST 2026
[InstagramLeadService] Error fetching leads: Meta API returned HTTP 400: {"error":{"message":"Error validating access token: The session is invalid because the user logged out.","type":"OAuthException","code":190,"error_subcode":467,"fbtrace_id":"A4fM7YelgJMsGgOS0amrcyF"}}
[InstagramLeadService] Scheduled sync complete. Imported leads: 1
[InstagramLeadService] Automating scheduled lead sync at: Thu Feb 26 16:00:00 IST 2026
[InstagramLeadService] Error fetching leads: Meta API returned HTTP 400: {"error":{"message":"Error validating access token: The session is invalid because the user logged out.","type":"OAuthException","code":190,"error_subcode":467,"fbtrace_id":"AiSr0Zx5Upth3XxwwL58kcj"}}
[InstagramLeadService] Scheduled sync complete. Imported leads: 1
[InstagramLeadService] Automating scheduled lead sync at: Thu Feb 26 16:15:00 IST 2026
[InstagramLeadService] Error fetching leads: Meta API returned HTTP 400: {"error":{"message":"Error validating access token: The session is invalid because the user logged out.","type":"OAuthException","code":190,"error_subcode":467,"fbtrace_id":"ArIfm6DZvOir9QgB9BH_cUF"}}
[InstagramLeadService] Scheduled sync complete. Imported leads: 1
2026-02-26 16:18:28.272  INFO 36584 --- [extShutdownHook] o.s.s.c.ThreadPoolTaskScheduler          : Shutting down ExecutorService 'taskScheduler'
2026-02-26 16:18:28.288  INFO 36584 --- [extShutdownHook] o.s.s.concurrent.ThreadPoolTaskExecutor  : Shutting down ExecutorService 'applicationTaskExecutor'
2026-02-26 16:18:28.324  INFO 36584 --- [extShutdownHook] j.LocalContainerEntityManagerFactoryBean : Closing JPA EntityManagerFactory for persistence unit 'default'
2026-02-26 16:18:28.349  INFO 36584 --- [extShutdownHook] com.zaxxer.hikari.HikariDataSource       : HikariPool-1 - Shutdown initiated...
2026-02-26 16:18:28.359  INFO 36584 --- [extShutdownHook] com.zaxxer.hikari.HikariDataSource       : HikariPool-1 - Shutdown completed.
