#
# There is insufficient memory for the Java Runtime Environment to continue.
# Native memory allocation (malloc) failed to allocate 1488176 bytes for Chunk::new
# Possible reasons:
#   The system is out of physical RAM or swap space
#   The process is running with CompressedOops enabled, and the Java Heap may be blocking the growth of the native heap
# Possible solutions:
#   Reduce memory load on the system
#   Increase physical memory or swap space
#   Check if swap backing store is full
#   Decrease Java heap size (-Xmx/-Xms)
#   Decrease number of Java threads
#   Decrease Java thread stack sizes (-Xss)
#   Set larger code cache with -XX:ReservedCodeCacheSize=
#   JVM is running with Unscaled Compressed Oops mode in which the Java heap is
#     placed in the first 4GB address space. The Java Heap base address is the
#     maximum limit for the native heap growth. Please use -XX:HeapBaseMinAddress
#     to set the Java Heap base and to place the Java Heap above 4GB virtual address.
# This output file may be truncated or incomplete.
#
#  Out of Memory Error (arena.cpp:189), pid=10740, tid=27728
#
# JRE version: OpenJDK Runtime Environment Temurin-17.0.4.1+1 (17.0.4.1+1) (build 17.0.4.1+1)
# Java VM: OpenJDK 64-Bit Server VM Temurin-17.0.4.1+1 (17.0.4.1+1, mixed mode, tiered, compressed oops, compressed class ptrs, parallel gc, windows-amd64)
# No core dump will be written. Minidumps are not enabled by default on client versions of Windows
#

---------------  S U M M A R Y ------------

Command Line: --add-modules=ALL-SYSTEM --add-opens=java.base/java.util=ALL-UNNAMED --add-opens=java.base/java.lang=ALL-UNNAMED --add-opens=java.base/sun.nio.fs=ALL-UNNAMED -Declipse.application=org.eclipse.jdt.ls.core.id1 -Dosgi.bundles.defaultStartLevel=4 -Declipse.product=org.eclipse.jdt.ls.core.product -Djava.import.generatesMetadataFilesAtProjectRoot=false -Dfile.encoding=utf8 -XX:+UseParallelGC -XX:GCTimeRatio=4 -XX:AdaptiveSizePolicyWeight=90 -Dsun.zip.disableMemoryMapping=true -Xmx1G -Xms100m -Xlog:disable -javaagent:c:\Users\DELL\.antigravity\extensions\redhat.java-1.12.0-win32-x64\lombok\lombok-1.18.24.jar -XX:+HeapDumpOnOutOfMemoryError -XX:HeapDumpPath=c:\Users\DELL\AppData\Roaming\Antigravity\User\workspaceStorage\567a20315345c5a1b44632ad1a5a819e\redhat.java c:\Users\DELL\.antigravity\extensions\redhat.java-1.12.0-win32-x64\server\plugins\org.eclipse.equinox.launcher_1.6.400.v20210924-0641.jar -configuration c:\Users\DELL\AppData\Roaming\Antigravity\User\globalStorage\redhat.java\1.12.0\config_win -data c:\Users\DELL\AppData\Roaming\Antigravity\User\workspaceStorage\567a20315345c5a1b44632ad1a5a819e\redhat.java\jdt_ws

Host: AMD Ryzen 5 5500U with Radeon Graphics         , 12 cores, 15G,  Windows 11 , 64 bit Build 26100 (10.0.26100.7920)
Time: Fri Mar 13 17:25:16 2026 India Standard Time elapsed time: 8.052215 seconds (0d 0h 0m 8s)

---------------  T H R E A D  ---------------

Current thread (0x0000021e306b7850):  JavaThread "C2 CompilerThread0" daemon [_thread_in_native, id=27728, stack(0x000000dc66400000,0x000000dc66500000)]


Current CompileTask:
C2:   8052 3621       4       org.eclipse.osgi.internal.loader.BundleLoader::addExportedProvidersFor (167 bytes)

Stack: [0x000000dc66400000,0x000000dc66500000]
Native frames: (J=compiled Java code, j=interpreted, Vv=VM code, C=native code)
V  [jvm.dll+0x67731a]
V  [jvm.dll+0x832284]
V  [jvm.dll+0x833a2e]
V  [jvm.dll+0x834093]
V  [jvm.dll+0x245775]
V  [jvm.dll+0xabd7b]
V  [jvm.dll+0xac30c]
V  [jvm.dll+0x363a42]
V  [jvm.dll+0x1bbf38]
V  [jvm.dll+0x2187d9]
V  [jvm.dll+0x217aa1]
V  [jvm.dll+0x1a3f8d]
V  [jvm.dll+0x227498]
V  [jvm.dll+0x2255e5]
V  [jvm.dll+0x7e7e9b]
V  [jvm.dll+0x7e240a]
V  [jvm.dll+0x6761a5]
C  [ucrtbase.dll+0x37b0]
C  [KERNEL32.DLL+0x2e8d7]
C  [ntdll.dll+0x8c48c]


---------------  P R O C E S S  ---------------

Threads class SMR info:
_java_thread_list=0x0000021e348a5710, length=27, elements={
0x0000021e19002470, 0x0000021e306766e0, 0x0000021e30678770, 0x0000021e30684530,
0x0000021e30686e00, 0x0000021e306896d0, 0x0000021e306b6bb0, 0x0000021e306b7850,
0x0000021e306d1ed0, 0x0000021e307226b0, 0x0000021e30748700, 0x0000021e3098be20,
0x0000021e32281090, 0x0000021e31d353c0, 0x0000021e31d35b40, 0x0000021e335a9aa0,
0x0000021e33229690, 0x0000021e334caa00, 0x0000021e336a23c0, 0x0000021e336a4a40,
0x0000021e3383b900, 0x0000021e336a3700, 0x0000021e336a2d60, 0x0000021e3383be10,
0x0000021e336a4570, 0x0000021e336a2890, 0x0000021e336a3230
}

Java Threads: ( => current thread )
  0x0000021e19002470 JavaThread "main" [_thread_blocked, id=26948, stack(0x000000dc65b00000,0x000000dc65c00000)]
  0x0000021e306766e0 JavaThread "Reference Handler" daemon [_thread_blocked, id=19196, stack(0x000000dc65e00000,0x000000dc65f00000)]
  0x0000021e30678770 JavaThread "Finalizer" daemon [_thread_blocked, id=9156, stack(0x000000dc65f00000,0x000000dc66000000)]
  0x0000021e30684530 JavaThread "Signal Dispatcher" daemon [_thread_blocked, id=18920, stack(0x000000dc66000000,0x000000dc66100000)]
  0x0000021e30686e00 JavaThread "Attach Listener" daemon [_thread_blocked, id=30808, stack(0x000000dc66100000,0x000000dc66200000)]
  0x0000021e306896d0 JavaThread "Service Thread" daemon [_thread_blocked, id=31340, stack(0x000000dc66200000,0x000000dc66300000)]
  0x0000021e306b6bb0 JavaThread "Monitor Deflation Thread" daemon [_thread_blocked, id=34360, stack(0x000000dc66300000,0x000000dc66400000)]
=>0x0000021e306b7850 JavaThread "C2 CompilerThread0" daemon [_thread_in_native, id=27728, stack(0x000000dc66400000,0x000000dc66500000)]
  0x0000021e306d1ed0 JavaThread "C1 CompilerThread0" daemon [_thread_in_native, id=33816, stack(0x000000dc66500000,0x000000dc66600000)]
  0x0000021e307226b0 JavaThread "Sweeper thread" daemon [_thread_blocked, id=22240, stack(0x000000dc66600000,0x000000dc66700000)]
  0x0000021e30748700 JavaThread "Common-Cleaner" daemon [_thread_blocked, id=29216, stack(0x000000dc66700000,0x000000dc66800000)]
  0x0000021e3098be20 JavaThread "Notification Thread" daemon [_thread_blocked, id=29872, stack(0x000000dc66900000,0x000000dc66a00000)]
  0x0000021e32281090 JavaThread "Active Thread: Equinox Container: f00108ac-15ed-4daa-8adf-634866feec03" [_thread_blocked, id=33800, stack(0x000000dc67200000,0x000000dc67300000)]
  0x0000021e31d353c0 JavaThread "Framework Event Dispatcher: Equinox Container: f00108ac-15ed-4daa-8adf-634866feec03" daemon [_thread_blocked, id=20232, stack(0x000000dc66c00000,0x000000dc66d00000)]
  0x0000021e31d35b40 JavaThread "Start Level: Equinox Container: f00108ac-15ed-4daa-8adf-634866feec03" daemon [_thread_blocked, id=31708, stack(0x000000dc67300000,0x000000dc67400000)]
  0x0000021e335a9aa0 JavaThread "SCR Component Actor" daemon [_thread_blocked, id=13352, stack(0x000000dc67400000,0x000000dc67500000)]
  0x0000021e33229690 JavaThread "SCR Component Registry" daemon [_thread_blocked, id=32576, stack(0x000000dc67700000,0x000000dc67800000)]
  0x0000021e334caa00 JavaThread "Worker-JM" [_thread_blocked, id=34404, stack(0x000000dc67800000,0x000000dc67900000)]
  0x0000021e336a23c0 JavaThread "Worker-0" [_thread_blocked, id=21324, stack(0x000000dc67b00000,0x000000dc67c00000)]
  0x0000021e336a4a40 JavaThread "Worker-1: Repository registry initialization" [_thread_in_vm, id=5908, stack(0x000000dc66b00000,0x000000dc66c00000)]
  0x0000021e3383b900 JavaThread "C2 CompilerThread1" daemon [_thread_in_native, id=34268, stack(0x000000dc67c00000,0x000000dc67d00000)]
  0x0000021e336a3700 JavaThread "Worker-2" [_thread_blocked, id=19348, stack(0x000000dc67d00000,0x000000dc67e00000)]
  0x0000021e336a2d60 JavaThread "Java indexing" daemon [_thread_blocked, id=33556, stack(0x000000dc67e00000,0x000000dc67f00000)]
  0x0000021e3383be10 JavaThread "C2 CompilerThread2" daemon [_thread_in_native, id=29468, stack(0x000000dc67f00000,0x000000dc68000000)]
  0x0000021e336a4570 JavaThread "JNA Cleaner" daemon [_thread_blocked, id=12252, stack(0x000000dc68000000,0x000000dc68100000)]
  0x0000021e336a2890 JavaThread "pool-2-thread-1" [_thread_blocked, id=12828, stack(0x000000dc68300000,0x000000dc68400000)]
  0x0000021e336a3230 JavaThread "pool-1-thread-1" [_thread_in_Java, id=33408, stack(0x000000dc68400000,0x000000dc68500000)]

Other Threads:
  0x0000021e2ea9def0 VMThread "VM Thread" [stack: 0x000000dc65d00000,0x000000dc65e00000] [id=32860]
  0x0000021e30994480 WatcherThread [stack: 0x000000dc66a00000,0x000000dc66b00000] [id=9292]
  0x0000021e19019570 GCTaskThread "GC Thread#0" [stack: 0x000000dc65c00000,0x000000dc65d00000] [id=10388]
  0x0000021e323a6d90 GCTaskThread "GC Thread#1" [stack: 0x000000dc66d00000,0x000000dc66e00000] [id=34744]
  0x0000021e323a7850 GCTaskThread "GC Thread#2" [stack: 0x000000dc66e00000,0x000000dc66f00000] [id=19192]
  0x0000021e323a7b00 GCTaskThread "GC Thread#3" [stack: 0x000000dc66f00000,0x000000dc67000000] [id=30544]
  0x0000021e321651f0 GCTaskThread "GC Thread#4" [stack: 0x000000dc67000000,0x000000dc67100000] [id=31648]
  0x0000021e32165cb0 GCTaskThread "GC Thread#5" [stack: 0x000000dc67100000,0x000000dc67200000] [id=14836]
  0x0000021e335a6fa0 GCTaskThread "GC Thread#6" [stack: 0x000000dc67500000,0x000000dc67600000] [id=30464]
  0x0000021e332283d0 GCTaskThread "GC Thread#7" [stack: 0x000000dc67600000,0x000000dc67700000] [id=34428]
  0x0000021e33648820 GCTaskThread "GC Thread#8" [stack: 0x000000dc67900000,0x000000dc67a00000] [id=18532]
  0x0000021e33648ad0 GCTaskThread "GC Thread#9" [stack: 0x000000dc67a00000,0x000000dc67b00000] [id=14396]

Threads with active compile tasks:
C2 CompilerThread0     8096 3621       4       org.eclipse.osgi.internal.loader.BundleLoader::addExportedProvidersFor (167 bytes)
C1 CompilerThread0     8096 3861       3       java.lang.reflect.Field::getGenericType (20 bytes)
C2 CompilerThread1     8096 3855       4       java.util.HashMap::putVal (300 bytes)
C2 CompilerThread2     8096 3842   !   4       org.eclipse.osgi.internal.loader.classpath.ClasspathManager::defineClass (636 bytes)

VM state: not at safepoint (normal execution)

VM Mutex/Monitor currently owned by a thread: None

Heap address: 0x00000000c0000000, size: 1024 MB, Compressed Oops mode: 32-bit

CDS archive(s) not mapped
Compressed class space mapped at: 0x0000000100000000-0x0000000140000000, reserved size: 1073741824
Narrow klass base: 0x0000000000000000, Narrow klass shift: 3, Narrow klass range: 0x140000000

GC Precious Log:
 CPUs: 12 total, 12 available
 Memory: 15720M
 Large Page Support: Disabled
 NUMA Support: Disabled
 Compressed Oops: Enabled (32-bit)
 Alignments: Space 512K, Generation 512K, Heap 2M
 Heap Min Capacity: 100M
 Heap Initial Capacity: 100M
 Heap Max Capacity: 1G
 Pre-touch: Disabled
 Parallel Workers: 10

Heap:
 PSYoungGen      total 24576K, used 22469K [0x00000000eab00000, 0x00000000ec680000, 0x0000000100000000)
  eden space 23040K, 93% used [0x00000000eab00000,0x00000000ebfecee0,0x00000000ec180000)
  from space 1536K, 67% used [0x00000000ec500000,0x00000000ec6048a0,0x00000000ec680000)
  to   space 1536K, 0% used [0x00000000ec380000,0x00000000ec380000,0x00000000ec500000)
 ParOldGen       total 68608K, used 13211K [0x00000000c0000000, 0x00000000c4300000, 0x00000000eab00000)
  object space 68608K, 19% used [0x00000000c0000000,0x00000000c0ce6ed8,0x00000000c4300000)
 Metaspace       used 40176K, committed 41024K, reserved 1089536K
  class space    used 4278K, committed 4672K, reserved 1048576K

Card table byte_map: [0x0000021e2c490000,0x0000021e2c6a0000] _byte_map_base: 0x0000021e2be90000

Marking Bits: (ParMarkBitMap*) 0x00007ffb4e392cc0
 Begin Bits: [0x0000021e2c800000, 0x0000021e2d800000)
 End Bits:   [0x0000021e2d800000, 0x0000021e2e800000)

Polling page: 0x0000021e18cd0000

Metaspace:

Usage:
  Non-class:     35.06 MB used.
      Class:      4.18 MB used.
       Both:     39.23 MB used.

Virtual space:
  Non-class space:       40.00 MB reserved,      35.50 MB ( 89%) committed,  5 nodes.
      Class space:        1.00 GB reserved,       4.56 MB ( <1%) committed,  1 nodes.
             Both:        1.04 GB reserved,      40.06 MB (  4%) committed. 

Chunk freelists:
   Non-Class:  128.00 KB
       Class:  3.28 MB
        Both:  3.41 MB

MaxMetaspaceSize: unlimited
CompressedClassSpaceSize: 1.00 GB
Initial GC threshold: 21.00 MB
Current GC threshold: 58.38 MB
CDS: off
MetaspaceReclaimPolicy: balanced
 - commit_granule_bytes: 65536.
 - commit_granule_words: 8192.
 - virtual_space_node_default_size: 1048576.
 - enlarge_chunks_in_place: 1.
 - new_chunks_are_fully_committed: 0.
 - uncommit_free_chunks: 1.
 - use_allocation_guard: 0.
 - handle_deallocations: 1.


Internal statistics:

num_allocs_failed_limit: 6.
num_arena_births: 518.
num_arena_deaths: 14.
num_vsnodes_births: 6.
num_vsnodes_deaths: 0.
num_space_committed: 641.
num_space_uncommitted: 0.
num_chunks_returned_to_freelist: 20.
num_chunks_taken_from_freelist: 1927.
num_chunk_merges: 10.
num_chunk_splits: 1220.
num_chunks_enlarged: 719.
num_purges: 2.
num_inconsistent_stats: 0.

CodeHeap 'non-profiled nmethods': size=120000Kb used=1883Kb max_used=1883Kb free=118117Kb
 bounds [0x0000021e24d80000, 0x0000021e24ff0000, 0x0000021e2c2b0000]
CodeHeap 'profiled nmethods': size=120000Kb used=7876Kb max_used=7876Kb free=112123Kb
 bounds [0x0000021e1d850000, 0x0000021e1e010000, 0x0000021e24d80000]
CodeHeap 'non-nmethods': size=5760Kb used=1261Kb max_used=1301Kb free=4498Kb
 bounds [0x0000021e1d2b0000, 0x0000021e1d520000, 0x0000021e1d850000]
 total_blobs=4437 nmethods=3852 adapters=498
 compilation: enabled
              stopped_count=0, restarted_count=0
 full_count=0

Compilation events (20 events):
Event: 6.999 Thread 0x0000021e306d1ed0 3832       3       java.lang.Class::hasEnclosingMethodInfo (17 bytes)
Event: 7.000 Thread 0x0000021e306d1ed0 nmethod 3832 0x0000021e1dfed090 code [0x0000021e1dfed240, 0x0000021e1dfed418]
Event: 7.000 Thread 0x0000021e306d1ed0 3833   !   3       jdk.proxy2.$Proxy7::annotationType (29 bytes)
Event: 7.001 Thread 0x0000021e306d1ed0 nmethod 3833 0x0000021e1dfed510 code [0x0000021e1dfed6e0, 0x0000021e1dfedab8]
Event: 7.007 Thread 0x0000021e306d1ed0 3834       1       com.google.gson.reflect.TypeToken::getType (5 bytes)
Event: 7.008 Thread 0x0000021e306d1ed0 nmethod 3834 0x0000021e24f56310 code [0x0000021e24f564a0, 0x0000021e24f56578]
Event: 7.013 Thread 0x0000021e306d1ed0 3835       3       com.google.gson.internal.bind.TypeAdapters$30::create (20 bytes)
Event: 7.013 Thread 0x0000021e306d1ed0 nmethod 3835 0x0000021e1dfedc90 code [0x0000021e1dfede40, 0x0000021e1dfedff8]
Event: 7.013 Thread 0x0000021e306d1ed0 3836       1       com.google.gson.reflect.TypeToken::hashCode (5 bytes)
Event: 7.013 Thread 0x0000021e306d1ed0 nmethod 3836 0x0000021e24f56610 code [0x0000021e24f567a0, 0x0000021e24f56878]
Event: 7.014 Thread 0x0000021e306d1ed0 3837       1       com.google.inject.internal.MoreTypes$ParameterizedTypeImpl::getRawType (5 bytes)
Event: 7.014 Thread 0x0000021e306d1ed0 nmethod 3837 0x0000021e24f56910 code [0x0000021e24f56aa0, 0x0000021e24f56b78]
Event: 7.014 Thread 0x0000021e306d1ed0 3838       3       com.google.inject.internal.Annotations::isBindingAnnotation (8 bytes)
Event: 7.015 Thread 0x0000021e306d1ed0 nmethod 3838 0x0000021e1dfee110 code [0x0000021e1dfee320, 0x0000021e1dfee948]
Event: 7.015 Thread 0x0000021e306d1ed0 3839       3       com.google.common.cache.LocalCache::hash (14 bytes)
Event: 7.015 Thread 0x0000021e306d1ed0 nmethod 3839 0x0000021e1dfeec90 code [0x0000021e1dfeee40, 0x0000021e1dfef0d8]
Event: 7.015 Thread 0x0000021e306d1ed0 3840       3       com.google.common.base.Equivalence::hash (12 bytes)
Event: 7.016 Thread 0x0000021e306d1ed0 nmethod 3840 0x0000021e1dfef210 code [0x0000021e1dfef3c0, 0x0000021e1dfef5e8]
Event: 7.016 Thread 0x0000021e306d1ed0 3841       3       com.google.common.base.Equivalence$Identity::doHash (5 bytes)
Event: 7.016 Thread 0x0000021e306d1ed0 nmethod 3841 0x0000021e1dfef690 code [0x0000021e1dfef820, 0x0000021e1dfef968]

GC Heap History (20 events):
Event: 2.935 GC heap before
{Heap before GC invocations=3 (full 0):
 PSYoungGen      total 29696K, used 29644K [0x00000000eab00000, 0x00000000ecc00000, 0x0000000100000000)
  eden space 25600K, 99% used [0x00000000eab00000,0x00000000ec3f7790,0x00000000ec400000)
  from space 4096K, 99% used [0x00000000ec800000,0x00000000ecbfba58,0x00000000ecc00000)
  to   space 4096K, 0% used [0x00000000ec400000,0x00000000ec400000,0x00000000ec800000)
 ParOldGen       total 68608K, used 1486K [0x00000000c0000000, 0x00000000c4300000, 0x00000000eab00000)
  object space 68608K, 2% used [0x00000000c0000000,0x00000000c0173880,0x00000000c4300000)
 Metaspace       used 19522K, committed 19904K, reserved 1073152K
  class space    used 1984K, committed 2176K, reserved 1048576K
}
Event: 2.942 GC heap after
{Heap after GC invocations=3 (full 0):
 PSYoungGen      total 29696K, used 4081K [0x00000000eab00000, 0x00000000ecc00000, 0x0000000100000000)
  eden space 25600K, 0% used [0x00000000eab00000,0x00000000eab00000,0x00000000ec400000)
  from space 4096K, 99% used [0x00000000ec400000,0x00000000ec7fc560,0x00000000ec800000)
  to   space 4096K, 0% used [0x00000000ec800000,0x00000000ec800000,0x00000000ecc00000)
 ParOldGen       total 68608K, used 3822K [0x00000000c0000000, 0x00000000c4300000, 0x00000000eab00000)
  object space 68608K, 5% used [0x00000000c0000000,0x00000000c03bbbc0,0x00000000c4300000)
 Metaspace       used 19522K, committed 19904K, reserved 1073152K
  class space    used 1984K, committed 2176K, reserved 1048576K
}
Event: 3.326 GC heap before
{Heap before GC invocations=4 (full 0):
 PSYoungGen      total 29696K, used 13969K [0x00000000eab00000, 0x00000000ecc00000, 0x0000000100000000)
  eden space 25600K, 38% used [0x00000000eab00000,0x00000000eb4a8268,0x00000000ec400000)
  from space 4096K, 99% used [0x00000000ec400000,0x00000000ec7fc560,0x00000000ec800000)
  to   space 4096K, 0% used [0x00000000ec800000,0x00000000ec800000,0x00000000ecc00000)
 ParOldGen       total 68608K, used 3822K [0x00000000c0000000, 0x00000000c4300000, 0x00000000eab00000)
  object space 68608K, 5% used [0x00000000c0000000,0x00000000c03bbbc0,0x00000000c4300000)
 Metaspace       used 21061K, committed 21504K, reserved 1073152K
  class space    used 2140K, committed 2368K, reserved 1048576K
}
Event: 3.331 GC heap after
{Heap after GC invocations=4 (full 0):
 PSYoungGen      total 29696K, used 4081K [0x00000000eab00000, 0x00000000ecc00000, 0x0000000100000000)
  eden space 25600K, 0% used [0x00000000eab00000,0x00000000eab00000,0x00000000ec400000)
  from space 4096K, 99% used [0x00000000ec800000,0x00000000ecbfc560,0x00000000ecc00000)
  to   space 4096K, 0% used [0x00000000ec400000,0x00000000ec400000,0x00000000ec800000)
 ParOldGen       total 68608K, used 4598K [0x00000000c0000000, 0x00000000c4300000, 0x00000000eab00000)
  object space 68608K, 6% used [0x00000000c0000000,0x00000000c047dbe0,0x00000000c4300000)
 Metaspace       used 21061K, committed 21504K, reserved 1073152K
  class space    used 2140K, committed 2368K, reserved 1048576K
}
Event: 3.331 GC heap before
{Heap before GC invocations=5 (full 1):
 PSYoungGen      total 29696K, used 4081K [0x00000000eab00000, 0x00000000ecc00000, 0x0000000100000000)
  eden space 25600K, 0% used [0x00000000eab00000,0x00000000eab00000,0x00000000ec400000)
  from space 4096K, 99% used [0x00000000ec800000,0x00000000ecbfc560,0x00000000ecc00000)
  to   space 4096K, 0% used [0x00000000ec400000,0x00000000ec400000,0x00000000ec800000)
 ParOldGen       total 68608K, used 4598K [0x00000000c0000000, 0x00000000c4300000, 0x00000000eab00000)
  object space 68608K, 6% used [0x00000000c0000000,0x00000000c047dbe0,0x00000000c4300000)
 Metaspace       used 21061K, committed 21504K, reserved 1073152K
  class space    used 2140K, committed 2368K, reserved 1048576K
}
Event: 3.359 GC heap after
{Heap after GC invocations=5 (full 1):
 PSYoungGen      total 29696K, used 0K [0x00000000eab00000, 0x00000000ecc00000, 0x0000000100000000)
  eden space 25600K, 0% used [0x00000000eab00000,0x00000000eab00000,0x00000000ec400000)
  from space 4096K, 0% used [0x00000000ec800000,0x00000000ec800000,0x00000000ecc00000)
  to   space 4096K, 0% used [0x00000000ec400000,0x00000000ec400000,0x00000000ec800000)
 ParOldGen       total 68608K, used 8472K [0x00000000c0000000, 0x00000000c4300000, 0x00000000eab00000)
  object space 68608K, 12% used [0x00000000c0000000,0x00000000c08461d8,0x00000000c4300000)
 Metaspace       used 21048K, committed 21504K, reserved 1073152K
  class space    used 2136K, committed 2368K, reserved 1048576K
}
Event: 4.311 GC heap before
{Heap before GC invocations=6 (full 1):
 PSYoungGen      total 29696K, used 25600K [0x00000000eab00000, 0x00000000ecc00000, 0x0000000100000000)
  eden space 25600K, 100% used [0x00000000eab00000,0x00000000ec400000,0x00000000ec400000)
  from space 4096K, 0% used [0x00000000ec800000,0x00000000ec800000,0x00000000ecc00000)
  to   space 4096K, 0% used [0x00000000ec400000,0x00000000ec400000,0x00000000ec800000)
 ParOldGen       total 68608K, used 8472K [0x00000000c0000000, 0x00000000c4300000, 0x00000000eab00000)
  object space 68608K, 12% used [0x00000000c0000000,0x00000000c08461d8,0x00000000c4300000)
 Metaspace       used 24588K, committed 25216K, reserved 1073152K
  class space    used 2549K, committed 2816K, reserved 1048576K
}
Event: 4.313 GC heap after
{Heap after GC invocations=6 (full 1):
 PSYoungGen      total 27648K, used 2500K [0x00000000eab00000, 0x00000000eca80000, 0x0000000100000000)
  eden space 25088K, 0% used [0x00000000eab00000,0x00000000eab00000,0x00000000ec380000)
  from space 2560K, 97% used [0x00000000ec400000,0x00000000ec671310,0x00000000ec680000)
  to   space 3584K, 0% used [0x00000000ec700000,0x00000000ec700000,0x00000000eca80000)
 ParOldGen       total 68608K, used 8480K [0x00000000c0000000, 0x00000000c4300000, 0x00000000eab00000)
  object space 68608K, 12% used [0x00000000c0000000,0x00000000c08481d8,0x00000000c4300000)
 Metaspace       used 24588K, committed 25216K, reserved 1073152K
  class space    used 2549K, committed 2816K, reserved 1048576K
}
Event: 4.792 GC heap before
{Heap before GC invocations=7 (full 1):
 PSYoungGen      total 27648K, used 27588K [0x00000000eab00000, 0x00000000eca80000, 0x0000000100000000)
  eden space 25088K, 100% used [0x00000000eab00000,0x00000000ec380000,0x00000000ec380000)
  from space 2560K, 97% used [0x00000000ec400000,0x00000000ec671310,0x00000000ec680000)
  to   space 3584K, 0% used [0x00000000ec700000,0x00000000ec700000,0x00000000eca80000)
 ParOldGen       total 68608K, used 8480K [0x00000000c0000000, 0x00000000c4300000, 0x00000000eab00000)
  object space 68608K, 12% used [0x00000000c0000000,0x00000000c08481d8,0x00000000c4300000)
 Metaspace       used 28175K, committed 28800K, reserved 1081344K
  class space    used 2802K, committed 3072K, reserved 1048576K
}
Event: 4.794 GC heap after
{Heap after GC invocations=7 (full 1):
 PSYoungGen      total 27648K, used 2610K [0x00000000eab00000, 0x00000000eca00000, 0x0000000100000000)
  eden space 24576K, 0% used [0x00000000eab00000,0x00000000eab00000,0x00000000ec300000)
  from space 3072K, 84% used [0x00000000ec700000,0x00000000ec98cb80,0x00000000eca00000)
  to   space 3072K, 0% used [0x00000000ec400000,0x00000000ec400000,0x00000000ec700000)
 ParOldGen       total 68608K, used 8488K [0x00000000c0000000, 0x00000000c4300000, 0x00000000eab00000)
  object space 68608K, 12% used [0x00000000c0000000,0x00000000c084a1d8,0x00000000c4300000)
 Metaspace       used 28175K, committed 28800K, reserved 1081344K
  class space    used 2802K, committed 3072K, reserved 1048576K
}
Event: 5.303 GC heap before
{Heap before GC invocations=8 (full 1):
 PSYoungGen      total 27648K, used 27186K [0x00000000eab00000, 0x00000000eca00000, 0x0000000100000000)
  eden space 24576K, 100% used [0x00000000eab00000,0x00000000ec300000,0x00000000ec300000)
  from space 3072K, 84% used [0x00000000ec700000,0x00000000ec98cb80,0x00000000eca00000)
  to   space 3072K, 0% used [0x00000000ec400000,0x00000000ec400000,0x00000000ec700000)
 ParOldGen       total 68608K, used 8488K [0x00000000c0000000, 0x00000000c4300000, 0x00000000eab00000)
  object space 68608K, 12% used [0x00000000c0000000,0x00000000c084a1d8,0x00000000c4300000)
 Metaspace       used 30660K, committed 31296K, reserved 1081344K
  class space    used 3023K, committed 3328K, reserved 1048576K
}
Event: 5.308 GC heap after
{Heap after GC invocations=8 (full 1):
 PSYoungGen      total 27136K, used 3060K [0x00000000eab00000, 0x00000000eca80000, 0x0000000100000000)
  eden space 24064K, 0% used [0x00000000eab00000,0x00000000eab00000,0x00000000ec280000)
  from space 3072K, 99% used [0x00000000ec400000,0x00000000ec6fd3e8,0x00000000ec700000)
  to   space 3584K, 0% used [0x00000000ec700000,0x00000000ec700000,0x00000000eca80000)
 ParOldGen       total 68608K, used 9008K [0x00000000c0000000, 0x00000000c4300000, 0x00000000eab00000)
  object space 68608K, 13% used [0x00000000c0000000,0x00000000c08cc218,0x00000000c4300000)
 Metaspace       used 30660K, committed 31296K, reserved 1081344K
  class space    used 3023K, committed 3328K, reserved 1048576K
}
Event: 6.155 GC heap before
{Heap before GC invocations=9 (full 1):
 PSYoungGen      total 27136K, used 27124K [0x00000000eab00000, 0x00000000eca80000, 0x0000000100000000)
  eden space 24064K, 100% used [0x00000000eab00000,0x00000000ec280000,0x00000000ec280000)
  from space 3072K, 99% used [0x00000000ec400000,0x00000000ec6fd3e8,0x00000000ec700000)
  to   space 3584K, 0% used [0x00000000ec700000,0x00000000ec700000,0x00000000eca80000)
 ParOldGen       total 68608K, used 9008K [0x00000000c0000000, 0x00000000c4300000, 0x00000000eab00000)
  object space 68608K, 13% used [0x00000000c0000000,0x00000000c08cc218,0x00000000c4300000)
 Metaspace       used 34851K, committed 35584K, reserved 1081344K
  class space    used 3574K, committed 3904K, reserved 1048576K
}
Event: 6.158 GC heap after
{Heap after GC invocations=9 (full 1):
 PSYoungGen      total 27136K, used 3563K [0x00000000eab00000, 0x00000000ecb00000, 0x0000000100000000)
  eden space 23552K, 0% used [0x00000000eab00000,0x00000000eab00000,0x00000000ec200000)
  from space 3584K, 99% used [0x00000000ec700000,0x00000000eca7af00,0x00000000eca80000)
  to   space 4608K, 0% used [0x00000000ec200000,0x00000000ec200000,0x00000000ec680000)
 ParOldGen       total 68608K, used 9701K [0x00000000c0000000, 0x00000000c4300000, 0x00000000eab00000)
  object space 68608K, 14% used [0x00000000c0000000,0x00000000c0979650,0x00000000c4300000)
 Metaspace       used 34851K, committed 35584K, reserved 1081344K
  class space    used 3574K, committed 3904K, reserved 1048576K
}
Event: 6.186 GC heap before
{Heap before GC invocations=10 (full 1):
 PSYoungGen      total 27136K, used 5447K [0x00000000eab00000, 0x00000000ecb00000, 0x0000000100000000)
  eden space 23552K, 7% used [0x00000000eab00000,0x00000000eacd6eb0,0x00000000ec200000)
  from space 3584K, 99% used [0x00000000ec700000,0x00000000eca7af00,0x00000000eca80000)
  to   space 4608K, 0% used [0x00000000ec200000,0x00000000ec200000,0x00000000ec680000)
 ParOldGen       total 68608K, used 9701K [0x00000000c0000000, 0x00000000c4300000, 0x00000000eab00000)
  object space 68608K, 14% used [0x00000000c0000000,0x00000000c0979650,0x00000000c4300000)
 Metaspace       used 35066K, committed 35840K, reserved 1081344K
  class space    used 3604K, committed 3968K, reserved 1048576K
}
Event: 6.189 GC heap after
{Heap after GC invocations=10 (full 1):
 PSYoungGen      total 25600K, used 1989K [0x00000000eab00000, 0x00000000ec800000, 0x0000000100000000)
  eden space 23552K, 0% used [0x00000000eab00000,0x00000000eab00000,0x00000000ec200000)
  from space 2048K, 97% used [0x00000000ec200000,0x00000000ec3f1560,0x00000000ec400000)
  to   space 3072K, 0% used [0x00000000ec500000,0x00000000ec500000,0x00000000ec800000)
 ParOldGen       total 68608K, used 11620K [0x00000000c0000000, 0x00000000c4300000, 0x00000000eab00000)
  object space 68608K, 16% used [0x00000000c0000000,0x00000000c0b59048,0x00000000c4300000)
 Metaspace       used 35066K, committed 35840K, reserved 1081344K
  class space    used 3604K, committed 3968K, reserved 1048576K
}
Event: 6.189 GC heap before
{Heap before GC invocations=11 (full 2):
 PSYoungGen      total 25600K, used 1989K [0x00000000eab00000, 0x00000000ec800000, 0x0000000100000000)
  eden space 23552K, 0% used [0x00000000eab00000,0x00000000eab00000,0x00000000ec200000)
  from space 2048K, 97% used [0x00000000ec200000,0x00000000ec3f1560,0x00000000ec400000)
  to   space 3072K, 0% used [0x00000000ec500000,0x00000000ec500000,0x00000000ec800000)
 ParOldGen       total 68608K, used 11620K [0x00000000c0000000, 0x00000000c4300000, 0x00000000eab00000)
  object space 68608K, 16% used [0x00000000c0000000,0x00000000c0b59048,0x00000000c4300000)
 Metaspace       used 35066K, committed 35840K, reserved 1081344K
  class space    used 3604K, committed 3968K, reserved 1048576K
}
Event: 6.214 GC heap after
{Heap after GC invocations=11 (full 2):
 PSYoungGen      total 25600K, used 0K [0x00000000eab00000, 0x00000000ec800000, 0x0000000100000000)
  eden space 23552K, 0% used [0x00000000eab00000,0x00000000eab00000,0x00000000ec200000)
  from space 2048K, 0% used [0x00000000ec200000,0x00000000ec200000,0x00000000ec400000)
  to   space 3072K, 0% used [0x00000000ec500000,0x00000000ec500000,0x00000000ec800000)
 ParOldGen       total 68608K, used 13203K [0x00000000c0000000, 0x00000000c4300000, 0x00000000eab00000)
  object space 68608K, 19% used [0x00000000c0000000,0x00000000c0ce4ed8,0x00000000c4300000)
 Metaspace       used 35066K, committed 35840K, reserved 1081344K
  class space    used 3604K, committed 3968K, reserved 1048576K
}
Event: 6.609 GC heap before
{Heap before GC invocations=12 (full 2):
 PSYoungGen      total 25600K, used 23552K [0x00000000eab00000, 0x00000000ec800000, 0x0000000100000000)
  eden space 23552K, 100% used [0x00000000eab00000,0x00000000ec200000,0x00000000ec200000)
  from space 2048K, 0% used [0x00000000ec200000,0x00000000ec200000,0x00000000ec400000)
  to   space 3072K, 0% used [0x00000000ec500000,0x00000000ec500000,0x00000000ec800000)
 ParOldGen       total 68608K, used 13203K [0x00000000c0000000, 0x00000000c4300000, 0x00000000eab00000)
  object space 68608K, 19% used [0x00000000c0000000,0x00000000c0ce4ed8,0x00000000c4300000)
 Metaspace       used 37452K, committed 38336K, reserved 1089536K
  class space    used 3914K, committed 4288K, reserved 1048576K
}
Event: 6.611 GC heap after
{Heap after GC invocations=12 (full 2):
 PSYoungGen      total 24576K, used 1042K [0x00000000eab00000, 0x00000000ec680000, 0x0000000100000000)
  eden space 23040K, 0% used [0x00000000eab00000,0x00000000eab00000,0x00000000ec180000)
  from space 1536K, 67% used [0x00000000ec500000,0x00000000ec6048a0,0x00000000ec680000)
  to   space 1536K, 0% used [0x00000000ec380000,0x00000000ec380000,0x00000000ec500000)
 ParOldGen       total 68608K, used 13211K [0x00000000c0000000, 0x00000000c4300000, 0x00000000eab00000)
  object space 68608K, 19% used [0x00000000c0000000,0x00000000c0ce6ed8,0x00000000c4300000)
 Metaspace       used 37452K, committed 38336K, reserved 1089536K
  class space    used 3914K, committed 4288K, reserved 1048576K
}

Deoptimization events (20 events):
Event: 6.479 Thread 0x0000021e336a4a40 Uncommon trap: trap_request=0xffffffde fr.pc=0x0000021e24e5f9b4 relative=0x0000000000000294
Event: 6.479 Thread 0x0000021e336a4a40 Uncommon trap: reason=class_check action=maybe_recompile pc=0x0000021e24e5f9b4 method=java.io.FilterInputStream.read()I @ 4 c2
Event: 6.480 Thread 0x0000021e336a4a40 DEOPT PACKING pc=0x0000021e24e5f9b4 sp=0x000000dc66bfe700
Event: 6.480 Thread 0x0000021e336a4a40 DEOPT UNPACKING pc=0x0000021e1d3020a3 sp=0x000000dc66bfe6c0 mode 2
Event: 6.492 Thread 0x0000021e336a4a40 Uncommon trap: trap_request=0xffffffde fr.pc=0x0000021e24e5f9b4 relative=0x0000000000000294
Event: 6.492 Thread 0x0000021e336a4a40 Uncommon trap: reason=class_check action=maybe_recompile pc=0x0000021e24e5f9b4 method=java.io.FilterInputStream.read()I @ 4 c2
Event: 6.492 Thread 0x0000021e336a4a40 DEOPT PACKING pc=0x0000021e24e5f9b4 sp=0x000000dc66bfe700
Event: 6.492 Thread 0x0000021e336a4a40 DEOPT UNPACKING pc=0x0000021e1d3020a3 sp=0x000000dc66bfe6c0 mode 2
Event: 6.496 Thread 0x0000021e336a4a40 Uncommon trap: trap_request=0xffffffde fr.pc=0x0000021e24e5f9b4 relative=0x0000000000000294
Event: 6.496 Thread 0x0000021e336a4a40 Uncommon trap: reason=class_check action=maybe_recompile pc=0x0000021e24e5f9b4 method=java.io.FilterInputStream.read()I @ 4 c2
Event: 6.496 Thread 0x0000021e336a4a40 DEOPT PACKING pc=0x0000021e24e5f9b4 sp=0x000000dc66bfe700
Event: 6.496 Thread 0x0000021e336a4a40 DEOPT UNPACKING pc=0x0000021e1d3020a3 sp=0x000000dc66bfe6c0 mode 2
Event: 6.498 Thread 0x0000021e336a4a40 Uncommon trap: trap_request=0xffffffde fr.pc=0x0000021e24e5f9b4 relative=0x0000000000000294
Event: 6.498 Thread 0x0000021e336a4a40 Uncommon trap: reason=class_check action=maybe_recompile pc=0x0000021e24e5f9b4 method=java.io.FilterInputStream.read()I @ 4 c2
Event: 6.499 Thread 0x0000021e336a4a40 DEOPT PACKING pc=0x0000021e24e5f9b4 sp=0x000000dc66bfe700
Event: 6.499 Thread 0x0000021e336a4a40 DEOPT UNPACKING pc=0x0000021e1d3020a3 sp=0x000000dc66bfe6c0 mode 2
Event: 6.859 Thread 0x0000021e19002470 Uncommon trap: trap_request=0xffffff45 fr.pc=0x0000021e24ea0d24 relative=0x0000000000005ac4
Event: 6.859 Thread 0x0000021e19002470 Uncommon trap: reason=unstable_if action=reinterpret pc=0x0000021e24ea0d24 method=jdk.internal.org.objectweb.asm.Frame.execute(IILjdk/internal/org/objectweb/asm/Symbol;Ljdk/internal/org/objectweb/asm/SymbolTable;)V @ 1 c2
Event: 6.859 Thread 0x0000021e19002470 DEOPT PACKING pc=0x0000021e24ea0d24 sp=0x000000dc65bfd9a0
Event: 6.859 Thread 0x0000021e19002470 DEOPT UNPACKING pc=0x0000021e1d3020a3 sp=0x000000dc65bfd938 mode 2

Classes unloaded (7 events):
Event: 3.336 Thread 0x0000021e2ea9def0 Unloading class 0x0000000100210400 'java/lang/invoke/LambdaForm$MH+0x0000000100210400'
Event: 3.336 Thread 0x0000021e2ea9def0 Unloading class 0x0000000100210000 'java/lang/invoke/LambdaForm$MH+0x0000000100210000'
Event: 3.336 Thread 0x0000021e2ea9def0 Unloading class 0x000000010020fc00 'java/lang/invoke/LambdaForm$MH+0x000000010020fc00'
Event: 3.336 Thread 0x0000021e2ea9def0 Unloading class 0x000000010020f400 'java/lang/invoke/LambdaForm$MH+0x000000010020f400'
Event: 3.336 Thread 0x0000021e2ea9def0 Unloading class 0x000000010020f000 'java/lang/invoke/LambdaForm$BMH+0x000000010020f000'
Event: 3.336 Thread 0x0000021e2ea9def0 Unloading class 0x000000010020ec00 'java/lang/invoke/LambdaForm$DMH+0x000000010020ec00'
Event: 3.336 Thread 0x0000021e2ea9def0 Unloading class 0x000000010020c400 'java/lang/invoke/LambdaForm$DMH+0x000000010020c400'

Classes redefined (0 events):
No events

Internal exceptions (20 events):
Event: 4.149 Thread 0x0000021e31d35b40 Exception <a 'java/lang/NoSuchMethodError'{0x00000000ebdb4920}: 'java.lang.Object java.lang.invoke.Invokers$Holder.invoker(java.lang.Object, java.lang.Object, java.lang.Object, java.lang.Object, java.lang.Object, java.lang.Object, java.lang.Object, java.lang.Object, java.lang.Object, java.lang.Object, java.lang.Object, java.lang.Object, java.lang.Object)'> (0x00000000ebdb4920) 
thrown [s\src\hotspot\share\interpreter\linkResolver.cpp, line 759]
Event: 4.150 Thread 0x0000021e31d35b40 Exception <a 'java/lang/NoSuchMethodError'{0x00000000ebdbb620}: 'java.lang.Object java.lang.invoke.DirectMethodHandle$Holder.invokeSpecial(java.lang.Object, java.lang.Object, java.lang.Object, java.lang.Object, java.lang.Object, java.lang.Object, java.lang.Object, java.lang.Object, java.lang.Object, java.lang.Object, java.lang.Object, java.lang.Object, java.lang.Object, java.lang.Object)'> (0x00000000ebdbb620) 
thrown [s\src\hotspot\share\interpreter\linkResolver.cpp, line 759]
Event: 4.160 Thread 0x0000021e31d35b40 Exception <a 'java/lang/NoSuchMethodError'{0x00000000ebe13018}: static Lorg/eclipse/m2e/core/internal/lifecyclemapping/model/PluginExecutionMetadata;.<clinit>()V> (0x00000000ebe13018) 
thrown [s\src\hotspot\share\prims\jni.cpp, line 1107]
Event: 4.171 Thread 0x0000021e31d35b40 Exception <a 'java/lang/NoSuchMethodError'{0x00000000ebe64b08}: static Lorg/eclipse/m2e/core/internal/lifecyclemapping/model/PluginExecutionFilter;.<clinit>()V> (0x00000000ebe64b08) 
thrown [s\src\hotspot\share\prims\jni.cpp, line 1107]
Event: 4.233 Thread 0x0000021e336a23c0 Exception <a 'java/io/FileNotFoundException'{0x00000000eabf24b0}> (0x00000000eabf24b0) 
thrown [s\src\hotspot\share\prims\jni.cpp, line 516]
Event: 5.109 Thread 0x0000021e31d35b40 Exception <a 'java/lang/ClassNotFoundException'{0x00000000ebe97de8}: com/sun/org/apache/xerces/internal/impl/msg/spi/DOMMessagesProvider> (0x00000000ebe97de8) 
thrown [s\src\hotspot\share\classfile\systemDictionary.cpp, line 256]
Event: 5.124 Thread 0x0000021e31d35b40 Exception <a 'java/lang/ClassNotFoundException'{0x00000000ebeb40b8}: com/sun/org/apache/xerces/internal/impl/msg/spi/XMLSerializerMessagesProvider> (0x00000000ebeb40b8) 
thrown [s\src\hotspot\share\classfile\systemDictionary.cpp, line 256]
Event: 5.125 Thread 0x0000021e31d35b40 Exception <a 'java/lang/ClassNotFoundException'{0x00000000ebec1340}: com/sun/org/apache/xerces/internal/impl/msg/spi/XMLMessagesProvider> (0x00000000ebec1340) 
thrown [s\src\hotspot\share\classfile\systemDictionary.cpp, line 256]
Event: 5.256 Thread 0x0000021e31d35b40 Exception <a 'sun/nio/fs/WindowsException'{0x00000000ec0bf2f0}> (0x00000000ec0bf2f0) 
thrown [s\src\hotspot\share\prims\jni.cpp, line 516]
Event: 5.402 Thread 0x0000021e31d35b40 Exception <a 'java/lang/NoSuchMethodError'{0x00000000ead40ce8}: 'java.lang.Object java.lang.invoke.DirectMethodHandle$Holder.invokeStaticInit(java.lang.Object, int, int, int, int)'> (0x00000000ead40ce8) 
thrown [s\src\hotspot\share\interpreter\linkResolver.cpp, line 759]
Event: 5.726 Thread 0x0000021e31d35b40 Exception <a 'java/lang/NoSuchMethodError'{0x00000000eb19edf8}: 'java.lang.Object java.lang.invoke.DirectMethodHandle$Holder.invokeStaticInit(java.lang.Object, java.lang.Object, int, int, int, int)'> (0x00000000eb19edf8) 
thrown [s\src\hotspot\share\interpreter\linkResolver.cpp, line 759]
Event: 5.845 Thread 0x0000021e31d35b40 Exception <a 'java/lang/ClassNotFoundException'{0x00000000eb60c830}: com/sun/org/apache/xml/internal/serializer/spi/XMLEntitiesProvider> (0x00000000eb60c830) 
thrown [s\src\hotspot\share\classfile\systemDictionary.cpp, line 256]
Event: 6.017 Thread 0x0000021e31d35b40 Exception <a 'java/io/FileNotFoundException'{0x00000000ebc1b1a0}> (0x00000000ebc1b1a0) 
thrown [s\src\hotspot\share\prims\jni.cpp, line 516]
Event: 6.172 Thread 0x0000021e31d35b40 Exception <a 'java/lang/UnsatisfiedLinkError'{0x00000000eabb7690}: The specified procedure could not be found.
> (0x00000000eabb7690) 
thrown [s\src\hotspot\share\prims\jni.cpp, line 535]
Event: 6.180 Thread 0x0000021e31d35b40 Exception <a 'java/io/FileNotFoundException'{0x00000000eabda528}> (0x00000000eabda528) 
thrown [s\src\hotspot\share\prims\jni.cpp, line 516]
Event: 6.220 Thread 0x0000021e31d35b40 Exception <a 'java/io/FileNotFoundException'{0x00000000eab2e330}> (0x00000000eab2e330) 
thrown [s\src\hotspot\share\prims\jni.cpp, line 516]
Event: 6.234 Thread 0x0000021e31d35b40 Exception <a 'java/lang/UnsatisfiedLinkError'{0x00000000eac3dd08}: The specified procedure could not be found.
> (0x00000000eac3dd08) 
thrown [s\src\hotspot\share\prims\jni.cpp, line 535]
Event: 6.262 Thread 0x0000021e336a4a40 Exception <a 'java/lang/NoClassDefFoundError'{0x00000000ead98060}: javax/enterprise/inject/Typed> (0x00000000ead98060) 
thrown [s\src\hotspot\share\classfile\systemDictionary.cpp, line 245]
Event: 6.505 Thread 0x0000021e19002470 Exception <a 'java/lang/NoSuchMethodError'{0x00000000ebca4ee0}: 'void java.lang.invoke.DirectMethodHandle$Holder.invokeStatic(java.lang.Object, java.lang.Object, java.lang.Object, java.lang.Object)'> (0x00000000ebca4ee0) 
thrown [s\src\hotspot\share\interpreter\linkResolver.cpp, line 759]
Event: 6.840 Thread 0x0000021e19002470 Exception <a 'java/lang/NoSuchMethodError'{0x00000000eb8758c0}: 'void java.lang.invoke.DirectMethodHandle$Holder.invokeSpecial(java.lang.Object, java.lang.Object, java.lang.Object, java.lang.Object, java.lang.Object, java.lang.Object)'> (0x00000000eb8758c0) 
thrown [s\src\hotspot\share\interpreter\linkResolver.cpp, line 759]

VM Operations (20 events):
Event: 5.341 Executing VM operation: HandshakeAllThreads done
Event: 5.691 Executing VM operation: HandshakeAllThreads
Event: 5.691 Executing VM operation: HandshakeAllThreads done
Event: 5.869 Executing VM operation: HandshakeAllThreads
Event: 5.869 Executing VM operation: HandshakeAllThreads done
Event: 5.905 Executing VM operation: HandshakeAllThreads
Event: 5.906 Executing VM operation: HandshakeAllThreads done
Event: 6.149 Executing VM operation: HandshakeAllThreads
Event: 6.149 Executing VM operation: HandshakeAllThreads done
Event: 6.155 Executing VM operation: ParallelGCFailedAllocation
Event: 6.158 Executing VM operation: ParallelGCFailedAllocation done
Event: 6.185 Executing VM operation: CollectForMetadataAllocation
Event: 6.214 Executing VM operation: CollectForMetadataAllocation done
Event: 6.230 Executing VM operation: HandshakeAllThreads
Event: 6.231 Executing VM operation: HandshakeAllThreads done
Event: 6.609 Executing VM operation: ParallelGCFailedAllocation
Event: 6.611 Executing VM operation: ParallelGCFailedAllocation done
Event: 6.873 Executing VM operation: HandshakeAllThreads
Event: 6.873 Executing VM operation: HandshakeAllThreads done
Event: 7.877 Executing VM operation: Cleanup

Events (20 events):
Event: 6.587 loading class sun/reflect/generics/reflectiveObjects/WildcardTypeImpl done
Event: 6.672 loading class sun/reflect/generics/tree/ArrayTypeSignature
Event: 6.672 loading class sun/reflect/generics/tree/ArrayTypeSignature done
Event: 6.683 loading class sun/reflect/generics/tree/BooleanSignature
Event: 6.684 loading class sun/reflect/generics/tree/BooleanSignature done
Event: 6.796 loading class java/util/concurrent/atomic/AtomicIntegerArray
Event: 6.796 loading class java/util/concurrent/atomic/AtomicIntegerArray done
Event: 6.799 loading class java/util/Currency
Event: 6.800 loading class java/util/Currency done
Event: 6.810 loading class java/util/concurrent/atomic/AtomicLongArray
Event: 6.810 loading class java/util/concurrent/atomic/AtomicLongArray done
Event: 6.886 loading class sun/util/locale/provider/DateFormatProviderImpl
Event: 6.887 loading class sun/util/locale/provider/DateFormatProviderImpl done
Event: 6.903 Thread 0x0000021e336a3230 Thread added: 0x0000021e336a3230
Event: 6.990 loading class sun/reflect/generics/repository/FieldRepository
Event: 6.995 loading class sun/reflect/generics/repository/FieldRepository done
Event: 7.004 loading class jdk/internal/reflect/UnsafeQualifiedIntegerFieldAccessorImpl
Event: 7.004 loading class jdk/internal/reflect/UnsafeQualifiedIntegerFieldAccessorImpl done
Event: 7.004 loading class java/util/concurrent/CompletionService
Event: 7.004 loading class java/util/concurrent/CompletionService done


Dynamic libraries:
0x00007ff765720000 - 0x00007ff76572e000 	c:\Users\DELL\.antigravity\extensions\redhat.java-1.12.0-win32-x64\jre\17.0.4.1-win32-x86_64\bin\java.exe
0x00007ffc0eec0000 - 0x00007ffc0f127000 	C:\WINDOWS\SYSTEM32\ntdll.dll
0x00007ffc0e1e0000 - 0x00007ffc0e2a9000 	C:\WINDOWS\System32\KERNEL32.DLL
0x00007ffc0b7d0000 - 0x00007ffc0bbc1000 	C:\WINDOWS\System32\KERNELBASE.dll
0x00007ffc0bf70000 - 0x00007ffc0c0bb000 	C:\WINDOWS\System32\ucrtbase.dll
0x00007ffbc9af0000 - 0x00007ffbc9b08000 	c:\Users\DELL\.antigravity\extensions\redhat.java-1.12.0-win32-x64\jre\17.0.4.1-win32-x86_64\bin\jli.dll
0x00007ffc0eac0000 - 0x00007ffc0ec85000 	C:\WINDOWS\System32\USER32.dll
0x00007ffc0b7a0000 - 0x00007ffc0b7c7000 	C:\WINDOWS\System32\win32u.dll
0x00007ffc0ea90000 - 0x00007ffc0eabb000 	C:\WINDOWS\System32\GDI32.dll
0x00007ffc0c930000 - 0x00007ffc0ca5b000 	C:\WINDOWS\System32\gdi32full.dll
0x00007ffc0bbd0000 - 0x00007ffc0bc73000 	C:\WINDOWS\System32\msvcp_win.dll
0x00007ffbc9b10000 - 0x00007ffbc9b29000 	c:\Users\DELL\.antigravity\extensions\redhat.java-1.12.0-win32-x64\jre\17.0.4.1-win32-x86_64\bin\VCRUNTIME140.dll
0x00007ffbfad60000 - 0x00007ffbfaff3000 	C:\WINDOWS\WinSxS\amd64_microsoft.windows.common-controls_6595b64144ccf1df_6.0.26100.8037_none_3e092faae333b53b\COMCTL32.dll
0x00007ffc0edd0000 - 0x00007ffc0ee79000 	C:\WINDOWS\System32\msvcrt.dll
0x00007ffc0ec90000 - 0x00007ffc0ecc1000 	C:\WINDOWS\System32\IMM32.DLL
0x00007ffbf43e0000 - 0x00007ffbf43ec000 	c:\Users\DELL\.antigravity\extensions\redhat.java-1.12.0-win32-x64\jre\17.0.4.1-win32-x86_64\bin\vcruntime140_1.dll
0x00007ffb98cb0000 - 0x00007ffb98d41000 	c:\Users\DELL\.antigravity\extensions\redhat.java-1.12.0-win32-x64\jre\17.0.4.1-win32-x86_64\bin\msvcp140.dll
0x00007ffb4d810000 - 0x00007ffb4e456000 	c:\Users\DELL\.antigravity\extensions\redhat.java-1.12.0-win32-x64\jre\17.0.4.1-win32-x86_64\bin\server\jvm.dll
0x00007ffc0e090000 - 0x00007ffc0e14b000 	C:\WINDOWS\System32\ADVAPI32.dll
0x00007ffc0e9e0000 - 0x00007ffc0ea87000 	C:\WINDOWS\System32\sechost.dll
0x00007ffc0d7e0000 - 0x00007ffc0d8f8000 	C:\WINDOWS\System32\RPCRT4.dll
0x00007ffc0e150000 - 0x00007ffc0e158000 	C:\WINDOWS\System32\PSAPI.DLL
0x00007ffb63150000 - 0x00007ffb6315a000 	C:\WINDOWS\SYSTEM32\WSOCK32.dll
0x00007ffc0e340000 - 0x00007ffc0e3b4000 	C:\WINDOWS\System32\WS2_32.dll
0x00007ffc04ea0000 - 0x00007ffc04ed5000 	C:\WINDOWS\SYSTEM32\WINMM.dll
0x00007ffc04ee0000 - 0x00007ffc04eeb000 	C:\WINDOWS\SYSTEM32\VERSION.dll
0x00007ffc0a530000 - 0x00007ffc0a54b000 	C:\WINDOWS\SYSTEM32\kernel.appcore.dll
0x00007ffbf0d60000 - 0x00007ffbf0d6a000 	c:\Users\DELL\.antigravity\extensions\redhat.java-1.12.0-win32-x64\jre\17.0.4.1-win32-x86_64\bin\jimage.dll
0x00007ffbfeda0000 - 0x00007ffbfefe2000 	C:\WINDOWS\SYSTEM32\DBGHELP.DLL
0x00007ffc0e620000 - 0x00007ffc0e9a2000 	C:\WINDOWS\System32\combase.dll
0x00007ffc0dfb0000 - 0x00007ffc0e087000 	C:\WINDOWS\System32\OLEAUT32.dll
0x00007ffbfac70000 - 0x00007ffbfacab000 	C:\WINDOWS\SYSTEM32\dbgcore.DLL
0x00007ffc0bec0000 - 0x00007ffc0bf65000 	C:\WINDOWS\System32\bcryptPrimitives.dll
0x00007ffbf0a90000 - 0x00007ffbf0a9e000 	c:\Users\DELL\.antigravity\extensions\redhat.java-1.12.0-win32-x64\jre\17.0.4.1-win32-x86_64\bin\instrument.dll
0x00007ffbdb780000 - 0x00007ffbdb7a5000 	c:\Users\DELL\.antigravity\extensions\redhat.java-1.12.0-win32-x64\jre\17.0.4.1-win32-x86_64\bin\java.dll
0x00007ffbeec60000 - 0x00007ffbeec78000 	c:\Users\DELL\.antigravity\extensions\redhat.java-1.12.0-win32-x64\jre\17.0.4.1-win32-x86_64\bin\zip.dll
0x00007ffc0d070000 - 0x00007ffc0d7cf000 	C:\WINDOWS\System32\SHELL32.dll
0x00007ffc0ca60000 - 0x00007ffc0cbca000 	C:\WINDOWS\System32\wintypes.dll
0x00007ffc0c0c0000 - 0x00007ffc0c924000 	C:\WINDOWS\System32\windows.storage.dll
0x00007ffc0ecd0000 - 0x00007ffc0edc7000 	C:\WINDOWS\System32\SHCORE.dll
0x00007ffc0d960000 - 0x00007ffc0d9c7000 	C:\WINDOWS\System32\shlwapi.dll
0x00007ffc0b6c0000 - 0x00007ffc0b6e9000 	C:\WINDOWS\SYSTEM32\profapi.dll
0x00007ffbc3e20000 - 0x00007ffbc3e39000 	C:\Users\DELL\.antigravity\extensions\redhat.java-1.12.0-win32-x64\jre\17.0.4.1-win32-x86_64\bin\net.dll
0x00007ffc01ae0000 - 0x00007ffc01c07000 	C:\WINDOWS\SYSTEM32\WINHTTP.dll
0x00007ffc0aaa0000 - 0x00007ffc0ab0b000 	C:\WINDOWS\system32\mswsock.dll
0x00007ffbc3e00000 - 0x00007ffbc3e15000 	C:\Users\DELL\.antigravity\extensions\redhat.java-1.12.0-win32-x64\jre\17.0.4.1-win32-x86_64\bin\nio.dll
0x00007ffbefed0000 - 0x00007ffbefee0000 	c:\Users\DELL\.antigravity\extensions\redhat.java-1.12.0-win32-x64\jre\17.0.4.1-win32-x86_64\bin\verify.dll
0x00007ffbd4e40000 - 0x00007ffbd4e7e000 	C:\Users\DELL\AppData\Roaming\Antigravity\User\globalStorage\redhat.java\1.12.0\config_win\org.eclipse.equinox.launcher\org.eclipse.equinox.launcher.win32.win32.x86_64_1.2.600.v20220720-1916\eclipse_11700.dll
0x00007ffc0cc60000 - 0x00007ffc0cdf5000 	C:\WINDOWS\System32\ole32.dll
0x00007ffc0ad90000 - 0x00007ffc0adab000 	C:\WINDOWS\SYSTEM32\CRYPTSP.dll
0x00007ffc0a490000 - 0x00007ffc0a4c9000 	C:\WINDOWS\system32\rsaenh.dll
0x00007ffc0ab50000 - 0x00007ffc0ab82000 	C:\WINDOWS\SYSTEM32\USERENV.dll
0x00007ffc0b690000 - 0x00007ffc0b6ba000 	C:\WINDOWS\SYSTEM32\bcrypt.dll
0x00007ffc0ad80000 - 0x00007ffc0ad8c000 	C:\WINDOWS\SYSTEM32\CRYPTBASE.dll
0x00007ffc09f70000 - 0x00007ffc09fa3000 	C:\WINDOWS\SYSTEM32\IPHLPAPI.DLL
0x00007ffc0d900000 - 0x00007ffc0d90a000 	C:\WINDOWS\System32\NSI.dll
0x00007ffc021e0000 - 0x00007ffc021fd000 	C:\WINDOWS\SYSTEM32\dhcpcsvc6.DLL
0x00007ffc021b0000 - 0x00007ffc021d3000 	C:\WINDOWS\SYSTEM32\dhcpcsvc.DLL
0x00007ffc0a010000 - 0x00007ffc0a13a000 	C:\WINDOWS\SYSTEM32\DNSAPI.dll
0x00007ffbc3d90000 - 0x00007ffbc3dd0000 	C:\Users\DELL\AppData\Local\Temp\jna-2094529\jna112751390831650941.dll

dbghelp: loaded successfully - version: 4.0.5 - missing functions: none
symbol engine: initialized successfully - sym options: 0x614 - pdb path: .;c:\Users\DELL\.antigravity\extensions\redhat.java-1.12.0-win32-x64\jre\17.0.4.1-win32-x86_64\bin;C:\WINDOWS\SYSTEM32;C:\WINDOWS\WinSxS\amd64_microsoft.windows.common-controls_6595b64144ccf1df_6.0.26100.8037_none_3e092faae333b53b;c:\Users\DELL\.antigravity\extensions\redhat.java-1.12.0-win32-x64\jre\17.0.4.1-win32-x86_64\bin\server;C:\Users\DELL\AppData\Roaming\Antigravity\User\globalStorage\redhat.java\1.12.0\config_win\org.eclipse.equinox.launcher\org.eclipse.equinox.launcher.win32.win32.x86_64_1.2.600.v20220720-1916;C:\Users\DELL\AppData\Local\Temp\jna-2094529

VM Arguments:
jvm_args: --add-modules=ALL-SYSTEM --add-opens=java.base/java.util=ALL-UNNAMED --add-opens=java.base/java.lang=ALL-UNNAMED --add-opens=java.base/sun.nio.fs=ALL-UNNAMED -Declipse.application=org.eclipse.jdt.ls.core.id1 -Dosgi.bundles.defaultStartLevel=4 -Declipse.product=org.eclipse.jdt.ls.core.product -Djava.import.generatesMetadataFilesAtProjectRoot=false -Dfile.encoding=utf8 -XX:+UseParallelGC -XX:GCTimeRatio=4 -XX:AdaptiveSizePolicyWeight=90 -Dsun.zip.disableMemoryMapping=true -Xmx1G -Xms100m -Xlog:disable -javaagent:c:\Users\DELL\.antigravity\extensions\redhat.java-1.12.0-win32-x64\lombok\lombok-1.18.24.jar -XX:+HeapDumpOnOutOfMemoryError -XX:HeapDumpPath=c:\Users\DELL\AppData\Roaming\Antigravity\User\workspaceStorage\567a20315345c5a1b44632ad1a5a819e\redhat.java 
java_command: c:\Users\DELL\.antigravity\extensions\redhat.java-1.12.0-win32-x64\server\plugins\org.eclipse.equinox.launcher_1.6.400.v20210924-0641.jar -configuration c:\Users\DELL\AppData\Roaming\Antigravity\User\globalStorage\redhat.java\1.12.0\config_win -data c:\Users\DELL\AppData\Roaming\Antigravity\User\workspaceStorage\567a20315345c5a1b44632ad1a5a819e\redhat.java\jdt_ws
java_class_path (initial): c:\Users\DELL\.antigravity\extensions\redhat.java-1.12.0-win32-x64\server\plugins\org.eclipse.equinox.launcher_1.6.400.v20210924-0641.jar
Launcher Type: SUN_STANDARD

[Global flags]
    uintx AdaptiveSizePolicyWeight                 = 90                                        {product} {command line}
     intx CICompilerCount                          = 4                                         {product} {ergonomic}
    uintx GCTimeRatio                              = 4                                         {product} {command line}
     bool HeapDumpOnOutOfMemoryError               = true                                   {manageable} {command line}
    ccstr HeapDumpPath                             = c:\Users\DELL\AppData\Roaming\Antigravity\User\workspaceStorage\567a20315345c5a1b44632ad1a5a819e\redhat.java         {manageable} {command line}
   size_t InitialHeapSize                          = 104857600                                 {product} {command line}
   size_t MaxHeapSize                              = 1073741824                                {product} {command line}
   size_t MaxNewSize                               = 357564416                                 {product} {ergonomic}
   size_t MinHeapDeltaBytes                        = 524288                                    {product} {ergonomic}
   size_t MinHeapSize                              = 104857600                                 {product} {command line}
   size_t NewSize                                  = 34603008                                  {product} {ergonomic}
    uintx NonNMethodCodeHeapSize                   = 5839372                                {pd product} {ergonomic}
    uintx NonProfiledCodeHeapSize                  = 122909434                              {pd product} {ergonomic}
   size_t OldSize                                  = 70254592                                  {product} {ergonomic}
    uintx ProfiledCodeHeapSize                     = 122909434                              {pd product} {ergonomic}
    uintx ReservedCodeCacheSize                    = 251658240                              {pd product} {ergonomic}
     bool SegmentedCodeCache                       = true                                      {product} {ergonomic}
   size_t SoftMaxHeapSize                          = 1073741824                             {manageable} {ergonomic}
     bool UseCompressedClassPointers               = true                           {product lp64_product} {ergonomic}
     bool UseCompressedOops                        = true                           {product lp64_product} {ergonomic}
     bool UseLargePagesIndividualAllocation        = false                                  {pd product} {ergonomic}
     bool UseParallelGC                            = true                                      {product} {command line}

Logging:
Log output configuration:
 #0: stdout all=off uptime,level,tags
 #1: stderr all=off uptime,level,tags

Environment Variables:
JAVA_HOME=C:\Program Files\Java
PATH=C:\Program Files\Common Files\Oracle\Java\javapath;C:\WINDOWS\system32;C:\WINDOWS;C:\WINDOWS\System32\Wbem;C:\WINDOWS\System32\WindowsPowerShell\v1.0\;C:\WINDOWS\System32\OpenSSH\;C:\Program Files\dotnet\;C:\Program Files\Java\jdk-21\bin;C:\Program Files (x86)\Microsoft SQL Server\160\Tools\Binn\;C:\Program Files\Microsoft SQL Server\160\Tools\Binn\;C:\Program Files\Microsoft SQL Server\Client SDK\ODBC\170\Tools\Binn\;C:\Program Files\Microsoft SQL Server\160\DTS\Binn\;C:\Program Files\Git\cmd;C:\Program Files\nodejs\;C:\Program Files\PuTTY\;C:\Users\DELL\AppData\Local\Programs\Python\Launcher\;C:\Users\DELL\AppData\Local\Microsoft\WindowsApps;C:\Users\DELL\AppData\Roaming\npm;C:\Users\DELL\AppData\Local\Programs\Antigravity\bin
USERNAME=DELL
OS=Windows_NT
PROCESSOR_IDENTIFIER=AMD64 Family 23 Model 104 Stepping 1, AuthenticAMD
TMP=C:\Users\DELL\AppData\Local\Temp
TEMP=C:\Users\DELL\AppData\Local\Temp



---------------  S Y S T E M  ---------------

OS:
 Windows 11 , 64 bit Build 26100 (10.0.26100.7920)
OS uptime: 0 days 4:58 hours
Hyper-V role detected

CPU: total 12 (initial active 12) (12 cores per cpu, 2 threads per core) family 23 model 104 stepping 1 microcode 0x8608109, cx8, cmov, fxsr, ht, mmx, 3dnowpref, sse, sse2, sse3, ssse3, sse4a, sse4.1, sse4.2, popcnt, lzcnt, tsc, tscinvbit, avx, avx2, aes, clmul, bmi1, bmi2, adx, sha, fma, vzeroupper, clflush, clflushopt, hv

Memory: 4k page, system-wide physical 15720M (696M free)
TotalPageFile size 26351M (AvailPageFile size 1M)
current process WorkingSet (physical memory assigned to process): 184M, peak: 186M
current process commit charge ("private bytes"): 287M, peak: 290M

vm_info: OpenJDK 64-Bit Server VM (17.0.4.1+1) for windows-amd64 JRE (17.0.4.1+1), built on Aug 17 2022 07:42:43 by "temurin" with MS VC++ 16.7 (VS2019)

END.
