#
# There is insufficient memory for the Java Runtime Environment to continue.
# Native memory allocation (malloc) failed to allocate 1157744 bytes for Chunk::new
# Possible reasons:
#   The system is out of physical RAM or swap space
#   The process is running with CompressedOops enabled, and the Java Heap may be blocking the growth of the native heap
# Possible solutions:
#   Reduce memory load on the system
#   Increase physical memory or swap space
#   Check if swap backing store is full
#   Decrease Java heap size (-Xmx/-Xms)
#   Decrease number of Java threads
#   Decrease Java thread stack sizes (-Xss)
#   Set larger code cache with -XX:ReservedCodeCacheSize=
#   JVM is running with Unscaled Compressed Oops mode in which the Java heap is
#     placed in the first 4GB address space. The Java Heap base address is the
#     maximum limit for the native heap growth. Please use -XX:HeapBaseMinAddress
#     to set the Java Heap base and to place the Java Heap above 4GB virtual address.
# This output file may be truncated or incomplete.
#
#  Out of Memory Error (arena.cpp:189), pid=27252, tid=25424
#
# JRE version: OpenJDK Runtime Environment Temurin-17.0.4.1+1 (17.0.4.1+1) (build 17.0.4.1+1)
# Java VM: OpenJDK 64-Bit Server VM Temurin-17.0.4.1+1 (17.0.4.1+1, mixed mode, tiered, compressed oops, compressed class ptrs, parallel gc, windows-amd64)
# No core dump will be written. Minidumps are not enabled by default on client versions of Windows
#

---------------  S U M M A R Y ------------

Command Line: --add-modules=ALL-SYSTEM --add-opens=java.base/java.util=ALL-UNNAMED --add-opens=java.base/java.lang=ALL-UNNAMED --add-opens=java.base/sun.nio.fs=ALL-UNNAMED -Declipse.application=org.eclipse.jdt.ls.core.id1 -Dosgi.bundles.defaultStartLevel=4 -Declipse.product=org.eclipse.jdt.ls.core.product -Djava.import.generatesMetadataFilesAtProjectRoot=false -Dfile.encoding=utf8 -XX:+UseParallelGC -XX:GCTimeRatio=4 -XX:AdaptiveSizePolicyWeight=90 -Dsun.zip.disableMemoryMapping=true -Xmx1G -Xms100m -Xlog:disable -javaagent:c:\Users\DELL\.antigravity\extensions\redhat.java-1.12.0-win32-x64\lombok\lombok-1.18.24.jar c:\Users\DELL\.antigravity\extensions\redhat.java-1.12.0-win32-x64\server\plugins\org.eclipse.equinox.launcher_1.6.400.v20210924-0641.jar -configuration c:\Users\DELL\AppData\Roaming\Antigravity\User\globalStorage\redhat.java\1.12.0\config_ss_win -data c:\Users\DELL\AppData\Roaming\Antigravity\User\workspaceStorage\567a20315345c5a1b44632ad1a5a819e\redhat.java\ss_ws

Host: AMD Ryzen 5 5500U with Radeon Graphics         , 12 cores, 15G,  Windows 11 , 64 bit Build 26100 (10.0.26100.7920)
Time: Fri Mar 13 17:25:16 2026 India Standard Time elapsed time: 15.284094 seconds (0d 0h 0m 15s)

---------------  T H R E A D  ---------------

Current thread (0x0000021833dc8e60):  JavaThread "C2 CompilerThread0" daemon [_thread_in_native, id=25424, stack(0x0000004a6c200000,0x0000004a6c300000)]


Current CompileTask:
C2:  15284 2683       4       jdk.internal.org.objectweb.asm.Frame::execute (2318 bytes)

Stack: [0x0000004a6c200000,0x0000004a6c300000]
Native frames: (J=compiled Java code, j=interpreted, Vv=VM code, C=native code)
V  [jvm.dll+0x67731a]
V  [jvm.dll+0x832284]
V  [jvm.dll+0x833a2e]
V  [jvm.dll+0x834093]
V  [jvm.dll+0x245775]
V  [jvm.dll+0xabd7b]
V  [jvm.dll+0xac30c]
V  [jvm.dll+0x363a97]
V  [jvm.dll+0x1bbf38]
V  [jvm.dll+0x2187d9]
V  [jvm.dll+0x217aa1]
V  [jvm.dll+0x1a3f8d]
V  [jvm.dll+0x227498]
V  [jvm.dll+0x2255e5]
V  [jvm.dll+0x7e7e9b]
V  [jvm.dll+0x7e240a]
V  [jvm.dll+0x6761a5]
C  [ucrtbase.dll+0x37b0]
C  [KERNEL32.DLL+0x2e8d7]
C  [ntdll.dll+0x8c48c]


---------------  P R O C E S S  ---------------

Threads class SMR info:
_java_thread_list=0x00000218371acd70, length=24, elements={
0x000002181e3a35d0, 0x0000021833d869a0, 0x0000021833d88b90, 0x0000021833d97310,
0x000002183222c0c0, 0x000002183222e990, 0x0000021833dc4f50, 0x0000021833dc8e60,
0x0000021833dc9760, 0x0000021833dcd380, 0x000002181e461c60, 0x0000021834093450,
0x0000021834020d00, 0x000002183410df80, 0x00000218356bded0, 0x0000021834025f30,
0x000002183581b6d0, 0x0000021835735090, 0x0000021837570a20, 0x0000021837573570,
0x0000021837570550, 0x0000021837570ef0, 0x0000021837572700, 0x0000021836f339c0
}

Java Threads: ( => current thread )
  0x000002181e3a35d0 JavaThread "main" [_thread_blocked, id=4912, stack(0x0000004a6b900000,0x0000004a6ba00000)]
  0x0000021833d869a0 JavaThread "Reference Handler" daemon [_thread_blocked, id=30780, stack(0x0000004a6bc00000,0x0000004a6bd00000)]
  0x0000021833d88b90 JavaThread "Finalizer" daemon [_thread_blocked, id=33764, stack(0x0000004a6bd00000,0x0000004a6be00000)]
  0x0000021833d97310 JavaThread "Signal Dispatcher" daemon [_thread_blocked, id=32968, stack(0x0000004a6be00000,0x0000004a6bf00000)]
  0x000002183222c0c0 JavaThread "Attach Listener" daemon [_thread_blocked, id=27832, stack(0x0000004a6bf00000,0x0000004a6c000000)]
  0x000002183222e990 JavaThread "Service Thread" daemon [_thread_blocked, id=7080, stack(0x0000004a6c000000,0x0000004a6c100000)]
  0x0000021833dc4f50 JavaThread "Monitor Deflation Thread" daemon [_thread_blocked, id=29856, stack(0x0000004a6c100000,0x0000004a6c200000)]
=>0x0000021833dc8e60 JavaThread "C2 CompilerThread0" daemon [_thread_in_native, id=25424, stack(0x0000004a6c200000,0x0000004a6c300000)]
  0x0000021833dc9760 JavaThread "C1 CompilerThread0" daemon [_thread_blocked, id=13620, stack(0x0000004a6c300000,0x0000004a6c400000)]
  0x0000021833dcd380 JavaThread "Sweeper thread" daemon [_thread_blocked, id=19384, stack(0x0000004a6c400000,0x0000004a6c500000)]
  0x000002181e461c60 JavaThread "Common-Cleaner" daemon [_thread_blocked, id=29008, stack(0x0000004a6c500000,0x0000004a6c600000)]
  0x0000021834093450 JavaThread "Notification Thread" daemon [_thread_blocked, id=30304, stack(0x0000004a6c600000,0x0000004a6c700000)]
  0x0000021834020d00 JavaThread "Active Thread: Equinox Container: 38ea5d3f-46f0-485a-a03b-589350bbcd10" [_thread_blocked, id=34016, stack(0x0000004a6ce00000,0x0000004a6cf00000)]
  0x000002183410df80 JavaThread "Framework Event Dispatcher: Equinox Container: 38ea5d3f-46f0-485a-a03b-589350bbcd10" daemon [_thread_blocked, id=12764, stack(0x0000004a6cf00000,0x0000004a6d000000)]
  0x00000218356bded0 JavaThread "Start Level: Equinox Container: 38ea5d3f-46f0-485a-a03b-589350bbcd10" daemon [_thread_blocked, id=7512, stack(0x0000004a6d000000,0x0000004a6d100000)]
  0x0000021834025f30 JavaThread "SCR Component Actor" daemon [_thread_blocked, id=21376, stack(0x0000004a6cd00000,0x0000004a6ce00000)]
  0x000002183581b6d0 JavaThread "SCR Component Registry" daemon [_thread_blocked, id=16676, stack(0x0000004a6d300000,0x0000004a6d400000)]
  0x0000021835735090 JavaThread "Worker-JM" [_thread_blocked, id=32028, stack(0x0000004a6d400000,0x0000004a6d500000)]
  0x0000021837570a20 JavaThread "Worker-0: Initialize Workspace" [_thread_in_native, id=30416, stack(0x0000004a6d700000,0x0000004a6d800000)]
  0x0000021837573570 JavaThread "Worker-1" [_thread_blocked, id=33952, stack(0x0000004a6d800000,0x0000004a6d900000)]
  0x0000021837570550 JavaThread "JNA Cleaner" daemon [_thread_blocked, id=15328, stack(0x0000004a6d900000,0x0000004a6da00000)]
  0x0000021837570ef0 JavaThread "pool-2-thread-1" [_thread_blocked, id=30228, stack(0x0000004a6dc00000,0x0000004a6dd00000)]
  0x0000021837572700 JavaThread "pool-1-thread-1" [_thread_blocked, id=29636, stack(0x0000004a6dd00000,0x0000004a6de00000)]
  0x0000021836f339c0 JavaThread "C2 CompilerThread1" daemon [_thread_blocked, id=25856, stack(0x0000004a6de00000,0x0000004a6df00000)]

Other Threads:
  0x0000021833d81fd0 VMThread "VM Thread" [stack: 0x0000004a6bb00000,0x0000004a6bc00000] [id=17420]
  0x0000021834093920 WatcherThread [stack: 0x0000004a6c700000,0x0000004a6c800000] [id=7064]
  0x000002181e3b95f0 GCTaskThread "GC Thread#0" [stack: 0x0000004a6ba00000,0x0000004a6bb00000] [id=34560]
  0x00000218353c7610 GCTaskThread "GC Thread#1" [stack: 0x0000004a6c800000,0x0000004a6c900000] [id=31524]
  0x0000021835b3b550 GCTaskThread "GC Thread#2" [stack: 0x0000004a6c900000,0x0000004a6ca00000] [id=34164]
  0x0000021835b3b800 GCTaskThread "GC Thread#3" [stack: 0x0000004a6ca00000,0x0000004a6cb00000] [id=33276]
  0x0000021835b3bab0 GCTaskThread "GC Thread#4" [stack: 0x0000004a6cb00000,0x0000004a6cc00000] [id=28512]
  0x0000021835b3bd60 GCTaskThread "GC Thread#5" [stack: 0x0000004a6cc00000,0x0000004a6cd00000] [id=31844]
  0x0000021835ab97f0 GCTaskThread "GC Thread#6" [stack: 0x0000004a6d100000,0x0000004a6d200000] [id=22076]
  0x00000218354208e0 GCTaskThread "GC Thread#7" [stack: 0x0000004a6d200000,0x0000004a6d300000] [id=28212]
  0x0000021835b116a0 GCTaskThread "GC Thread#8" [stack: 0x0000004a6d500000,0x0000004a6d600000] [id=2188]
  0x0000021835a706a0 GCTaskThread "GC Thread#9" [stack: 0x0000004a6d600000,0x0000004a6d700000] [id=29528]

Threads with active compile tasks:
C2 CompilerThread0    15327 2683       4       jdk.internal.org.objectweb.asm.Frame::execute (2318 bytes)

VM state: not at safepoint (normal execution)

VM Mutex/Monitor currently owned by a thread: None

Heap address: 0x00000000c0000000, size: 1024 MB, Compressed Oops mode: 32-bit

CDS archive(s) not mapped
Compressed class space mapped at: 0x0000000100000000-0x0000000140000000, reserved size: 1073741824
Narrow klass base: 0x0000000000000000, Narrow klass shift: 3, Narrow klass range: 0x140000000

GC Precious Log:
 CPUs: 12 total, 12 available
 Memory: 15720M
 Large Page Support: Disabled
 NUMA Support: Disabled
 Compressed Oops: Enabled (32-bit)
 Alignments: Space 512K, Generation 512K, Heap 2M
 Heap Min Capacity: 100M
 Heap Initial Capacity: 100M
 Heap Max Capacity: 1G
 Pre-touch: Disabled
 Parallel Workers: 10

Heap:
 PSYoungGen      total 25600K, used 8715K [0x00000000eab00000, 0x00000000ec780000, 0x0000000100000000)
  eden space 24064K, 29% used [0x00000000eab00000,0x00000000eb207260,0x00000000ec280000)
  from space 1536K, 98% used [0x00000000ec500000,0x00000000ec67ba10,0x00000000ec680000)
  to   space 1024K, 0% used [0x00000000ec680000,0x00000000ec680000,0x00000000ec780000)
 ParOldGen       total 68608K, used 7892K [0x00000000c0000000, 0x00000000c4300000, 0x00000000eab00000)
  object space 68608K, 11% used [0x00000000c0000000,0x00000000c07b5210,0x00000000c4300000)
 Metaspace       used 33163K, committed 33664K, reserved 1081344K
  class space    used 3350K, committed 3584K, reserved 1048576K

Card table byte_map: [0x000002181dd50000,0x000002181df60000] _byte_map_base: 0x000002181d750000

Marking Bits: (ParMarkBitMap*) 0x00007ffb4e392cc0
 Begin Bits: [0x0000021830030000, 0x0000021831030000)
 End Bits:   [0x0000021831030000, 0x0000021832030000)

Polling page: 0x000002181c310000

Metaspace:

Usage:
  Non-class:     29.11 MB used.
      Class:      3.27 MB used.
       Both:     32.39 MB used.

Virtual space:
  Non-class space:       32.00 MB reserved,      29.38 MB ( 92%) committed,  4 nodes.
      Class space:        1.00 GB reserved,       3.50 MB ( <1%) committed,  1 nodes.
             Both:        1.03 GB reserved,      32.88 MB (  3%) committed. 

Chunk freelists:
   Non-Class:  1.70 MB
       Class:  513.00 KB
        Both:  2.20 MB

MaxMetaspaceSize: unlimited
CompressedClassSpaceSize: 1.00 GB
Initial GC threshold: 21.00 MB
Current GC threshold: 35.00 MB
CDS: off
MetaspaceReclaimPolicy: balanced
 - commit_granule_bytes: 65536.
 - commit_granule_words: 8192.
 - virtual_space_node_default_size: 1048576.
 - enlarge_chunks_in_place: 1.
 - new_chunks_are_fully_committed: 0.
 - uncommit_free_chunks: 1.
 - use_allocation_guard: 0.
 - handle_deallocations: 1.


Internal statistics:

num_allocs_failed_limit: 3.
num_arena_births: 248.
num_arena_deaths: 14.
num_vsnodes_births: 5.
num_vsnodes_deaths: 0.
num_space_committed: 526.
num_space_uncommitted: 0.
num_chunks_returned_to_freelist: 17.
num_chunks_taken_from_freelist: 1190.
num_chunk_merges: 7.
num_chunk_splits: 801.
num_chunks_enlarged: 579.
num_purges: 2.
num_inconsistent_stats: 0.

CodeHeap 'non-profiled nmethods': size=120000Kb used=1161Kb max_used=1161Kb free=118839Kb
 bounds [0x0000021828b00000, 0x0000021828d70000, 0x0000021830030000]
CodeHeap 'profiled nmethods': size=120000Kb used=5809Kb max_used=5809Kb free=114190Kb
 bounds [0x00000218215d0000, 0x0000021821b80000, 0x0000021828b00000]
CodeHeap 'non-nmethods': size=5760Kb used=1246Kb max_used=1272Kb free=4513Kb
 bounds [0x0000021821030000, 0x00000218212a0000, 0x00000218215d0000]
 total_blobs=3401 nmethods=2838 adapters=477
 compilation: enabled
              stopped_count=0, restarted_count=0
 full_count=0

Compilation events (20 events):
Event: 14.252 Thread 0x0000021833dc9760 nmethod 2824 0x0000021828c1f890 code [0x0000021828c1fa20, 0x0000021828c1faf8]
Event: 14.253 Thread 0x0000021833dc9760 2825 %     3       java.util.Properties::loadConvert @ 8 (540 bytes)
Event: 14.253 Thread 0x0000021836f339c0 2826       4       java.util.Properties$LineReader::readLine (584 bytes)
Event: 14.255 Thread 0x0000021833dc9760 nmethod 2825% 0x0000021821b6d590 code [0x0000021821b6d880, 0x0000021821b6edb8]
Event: 14.255 Thread 0x0000021833dc9760 2827       3       java.util.Properties::loadConvert (540 bytes)
Event: 14.257 Thread 0x0000021833dc9760 nmethod 2827 0x0000021821b6f410 code [0x0000021821b6f700, 0x0000021821b70b18]
Event: 14.263 Thread 0x0000021833dc9760 2828       3       java.lang.reflect.Constructor::acquireConstructorAccessor (44 bytes)
Event: 14.264 Thread 0x0000021833dc9760 nmethod 2828 0x0000021821b71190 code [0x0000021821b71360, 0x0000021821b71798]
Event: 14.271 Thread 0x0000021833dc9760 2829       3       java.lang.ClassLoader::createOrGetClassLoaderValueMap (37 bytes)
Event: 14.271 Thread 0x0000021833dc9760 nmethod 2829 0x0000021821b71910 code [0x0000021821b71ae0, 0x0000021821b71e68]
Event: 14.272 Thread 0x0000021833dc9760 2830       3       com.sun.org.apache.xerces.internal.impl.XMLScanner::setFeature (32 bytes)
Event: 14.273 Thread 0x0000021833dc9760 nmethod 2830 0x0000021821b71f90 code [0x0000021821b72140, 0x0000021821b723b8]
Event: 14.273 Thread 0x0000021833dc9760 2833       3       com.sun.org.apache.xerces.internal.parsers.XIncludeAwareParserConfiguration::getFeatureState (40 bytes)
Event: 14.273 Thread 0x0000021833dc9760 nmethod 2833 0x0000021821b72490 code [0x0000021821b726a0, 0x0000021821b72ce8]
Event: 14.273 Thread 0x0000021833dc9760 2834       3       com.sun.org.apache.xerces.internal.util.FeatureState::is (12 bytes)
Event: 14.274 Thread 0x0000021833dc9760 nmethod 2834 0x0000021821b72f10 code [0x0000021821b730c0, 0x0000021821b732f8]
Event: 14.274 Thread 0x0000021833dc9760 2832       3       com.sun.org.apache.xerces.internal.util.XMLStringBuffer::<init> (12 bytes)
Event: 14.274 Thread 0x0000021833dc9760 nmethod 2832 0x0000021821b73410 code [0x0000021821b735c0, 0x0000021821b73838]
Event: 14.274 Thread 0x0000021833dc9760 2835       3       com.sun.org.apache.xerces.internal.util.ParserConfigurationSettings::getFeature (20 bytes)
Event: 14.274 Thread 0x0000021833dc9760 nmethod 2835 0x0000021821b73910 code [0x0000021821b73ac0, 0x0000021821b73da8]

GC Heap History (16 events):
Event: 3.313 GC heap before
{Heap before GC invocations=1 (full 0):
 PSYoungGen      total 29696K, used 25600K [0x00000000eab00000, 0x00000000ecc00000, 0x0000000100000000)
  eden space 25600K, 100% used [0x00000000eab00000,0x00000000ec400000,0x00000000ec400000)
  from space 4096K, 0% used [0x00000000ec800000,0x00000000ec800000,0x00000000ecc00000)
  to   space 4096K, 0% used [0x00000000ec400000,0x00000000ec400000,0x00000000ec800000)
 ParOldGen       total 68608K, used 0K [0x00000000c0000000, 0x00000000c4300000, 0x00000000eab00000)
  object space 68608K, 0% used [0x00000000c0000000,0x00000000c0000000,0x00000000c4300000)
 Metaspace       used 10820K, committed 10944K, reserved 1064960K
  class space    used 1089K, committed 1152K, reserved 1048576K
}
Event: 3.321 GC heap after
{Heap after GC invocations=1 (full 0):
 PSYoungGen      total 29696K, used 3208K [0x00000000eab00000, 0x00000000ecc00000, 0x0000000100000000)
  eden space 25600K, 0% used [0x00000000eab00000,0x00000000eab00000,0x00000000ec400000)
  from space 4096K, 78% used [0x00000000ec400000,0x00000000ec722228,0x00000000ec800000)
  to   space 4096K, 0% used [0x00000000ec800000,0x00000000ec800000,0x00000000ecc00000)
 ParOldGen       total 68608K, used 16K [0x00000000c0000000, 0x00000000c4300000, 0x00000000eab00000)
  object space 68608K, 0% used [0x00000000c0000000,0x00000000c0004000,0x00000000c4300000)
 Metaspace       used 10820K, committed 10944K, reserved 1064960K
  class space    used 1089K, committed 1152K, reserved 1048576K
}
Event: 8.151 GC heap before
{Heap before GC invocations=2 (full 0):
 PSYoungGen      total 29696K, used 28808K [0x00000000eab00000, 0x00000000ecc00000, 0x0000000100000000)
  eden space 25600K, 100% used [0x00000000eab00000,0x00000000ec400000,0x00000000ec400000)
  from space 4096K, 78% used [0x00000000ec400000,0x00000000ec722228,0x00000000ec800000)
  to   space 4096K, 0% used [0x00000000ec800000,0x00000000ec800000,0x00000000ecc00000)
 ParOldGen       total 68608K, used 16K [0x00000000c0000000, 0x00000000c4300000, 0x00000000eab00000)
  object space 68608K, 0% used [0x00000000c0000000,0x00000000c0004000,0x00000000c4300000)
 Metaspace       used 15200K, committed 15424K, reserved 1064960K
  class space    used 1554K, committed 1664K, reserved 1048576K
}
Event: 8.157 GC heap after
{Heap after GC invocations=2 (full 0):
 PSYoungGen      total 29696K, used 4078K [0x00000000eab00000, 0x00000000ecc00000, 0x0000000100000000)
  eden space 25600K, 0% used [0x00000000eab00000,0x00000000eab00000,0x00000000ec400000)
  from space 4096K, 99% used [0x00000000ec800000,0x00000000ecbfba58,0x00000000ecc00000)
  to   space 4096K, 0% used [0x00000000ec400000,0x00000000ec400000,0x00000000ec800000)
 ParOldGen       total 68608K, used 732K [0x00000000c0000000, 0x00000000c4300000, 0x00000000eab00000)
  object space 68608K, 1% used [0x00000000c0000000,0x00000000c00b7020,0x00000000c4300000)
 Metaspace       used 15200K, committed 15424K, reserved 1064960K
  class space    used 1554K, committed 1664K, reserved 1048576K
}
Event: 10.374 GC heap before
{Heap before GC invocations=3 (full 0):
 PSYoungGen      total 29696K, used 29678K [0x00000000eab00000, 0x00000000ecc00000, 0x0000000100000000)
  eden space 25600K, 100% used [0x00000000eab00000,0x00000000ec400000,0x00000000ec400000)
  from space 4096K, 99% used [0x00000000ec800000,0x00000000ecbfba58,0x00000000ecc00000)
  to   space 4096K, 0% used [0x00000000ec400000,0x00000000ec400000,0x00000000ec800000)
 ParOldGen       total 68608K, used 732K [0x00000000c0000000, 0x00000000c4300000, 0x00000000eab00000)
  object space 68608K, 1% used [0x00000000c0000000,0x00000000c00b7020,0x00000000c4300000)
 Metaspace       used 20232K, committed 20544K, reserved 1073152K
  class space    used 2065K, committed 2240K, reserved 1048576K
}
Event: 10.379 GC heap after
{Heap after GC invocations=3 (full 0):
 PSYoungGen      total 29696K, used 4066K [0x00000000eab00000, 0x00000000ecc00000, 0x0000000100000000)
  eden space 25600K, 0% used [0x00000000eab00000,0x00000000eab00000,0x00000000ec400000)
  from space 4096K, 99% used [0x00000000ec400000,0x00000000ec7f8b68,0x00000000ec800000)
  to   space 4096K, 0% used [0x00000000ec800000,0x00000000ec800000,0x00000000ecc00000)
 ParOldGen       total 68608K, used 2761K [0x00000000c0000000, 0x00000000c4300000, 0x00000000eab00000)
  object space 68608K, 4% used [0x00000000c0000000,0x00000000c02b25f0,0x00000000c4300000)
 Metaspace       used 20232K, committed 20544K, reserved 1073152K
  class space    used 2065K, committed 2240K, reserved 1048576K
}
Event: 10.604 GC heap before
{Heap before GC invocations=4 (full 0):
 PSYoungGen      total 29696K, used 9691K [0x00000000eab00000, 0x00000000ecc00000, 0x0000000100000000)
  eden space 25600K, 21% used [0x00000000eab00000,0x00000000eb07e3c0,0x00000000ec400000)
  from space 4096K, 99% used [0x00000000ec400000,0x00000000ec7f8b68,0x00000000ec800000)
  to   space 4096K, 0% used [0x00000000ec800000,0x00000000ec800000,0x00000000ecc00000)
 ParOldGen       total 68608K, used 2761K [0x00000000c0000000, 0x00000000c4300000, 0x00000000eab00000)
  object space 68608K, 4% used [0x00000000c0000000,0x00000000c02b25f0,0x00000000c4300000)
 Metaspace       used 21125K, committed 21504K, reserved 1073152K
  class space    used 2154K, committed 2304K, reserved 1048576K
}
Event: 10.606 GC heap after
{Heap after GC invocations=4 (full 0):
 PSYoungGen      total 29696K, used 4094K [0x00000000eab00000, 0x00000000ecc00000, 0x0000000100000000)
  eden space 25600K, 0% used [0x00000000eab00000,0x00000000eab00000,0x00000000ec400000)
  from space 4096K, 99% used [0x00000000ec800000,0x00000000ecbffa48,0x00000000ecc00000)
  to   space 4096K, 0% used [0x00000000ec400000,0x00000000ec400000,0x00000000ec800000)
 ParOldGen       total 68608K, used 3249K [0x00000000c0000000, 0x00000000c4300000, 0x00000000eab00000)
  object space 68608K, 4% used [0x00000000c0000000,0x00000000c032c600,0x00000000c4300000)
 Metaspace       used 21125K, committed 21504K, reserved 1073152K
  class space    used 2154K, committed 2304K, reserved 1048576K
}
Event: 10.606 GC heap before
{Heap before GC invocations=5 (full 1):
 PSYoungGen      total 29696K, used 4094K [0x00000000eab00000, 0x00000000ecc00000, 0x0000000100000000)
  eden space 25600K, 0% used [0x00000000eab00000,0x00000000eab00000,0x00000000ec400000)
  from space 4096K, 99% used [0x00000000ec800000,0x00000000ecbffa48,0x00000000ecc00000)
  to   space 4096K, 0% used [0x00000000ec400000,0x00000000ec400000,0x00000000ec800000)
 ParOldGen       total 68608K, used 3249K [0x00000000c0000000, 0x00000000c4300000, 0x00000000eab00000)
  object space 68608K, 4% used [0x00000000c0000000,0x00000000c032c600,0x00000000c4300000)
 Metaspace       used 21125K, committed 21504K, reserved 1073152K
  class space    used 2154K, committed 2304K, reserved 1048576K
}
Event: 10.629 GC heap after
{Heap after GC invocations=5 (full 1):
 PSYoungGen      total 29696K, used 0K [0x00000000eab00000, 0x00000000ecc00000, 0x0000000100000000)
  eden space 25600K, 0% used [0x00000000eab00000,0x00000000eab00000,0x00000000ec400000)
  from space 4096K, 0% used [0x00000000ec800000,0x00000000ec800000,0x00000000ecc00000)
  to   space 4096K, 0% used [0x00000000ec400000,0x00000000ec400000,0x00000000ec800000)
 ParOldGen       total 68608K, used 7142K [0x00000000c0000000, 0x00000000c4300000, 0x00000000eab00000)
  object space 68608K, 10% used [0x00000000c0000000,0x00000000c06f9b40,0x00000000c4300000)
 Metaspace       used 21112K, committed 21504K, reserved 1073152K
  class space    used 2151K, committed 2304K, reserved 1048576K
}
Event: 11.121 GC heap before
{Heap before GC invocations=6 (full 1):
 PSYoungGen      total 29696K, used 25600K [0x00000000eab00000, 0x00000000ecc00000, 0x0000000100000000)
  eden space 25600K, 100% used [0x00000000eab00000,0x00000000ec400000,0x00000000ec400000)
  from space 4096K, 0% used [0x00000000ec800000,0x00000000ec800000,0x00000000ecc00000)
  to   space 4096K, 0% used [0x00000000ec400000,0x00000000ec400000,0x00000000ec800000)
 ParOldGen       total 68608K, used 7142K [0x00000000c0000000, 0x00000000c4300000, 0x00000000eab00000)
  object space 68608K, 10% used [0x00000000c0000000,0x00000000c06f9b40,0x00000000c4300000)
 Metaspace       used 24670K, committed 25088K, reserved 1073152K
  class space    used 2401K, committed 2560K, reserved 1048576K
}
Event: 11.123 GC heap after
{Heap after GC invocations=6 (full 1):
 PSYoungGen      total 25600K, used 384K [0x00000000eab00000, 0x00000000ec880000, 0x0000000100000000)
  eden space 25088K, 0% used [0x00000000eab00000,0x00000000eab00000,0x00000000ec380000)
  from space 512K, 75% used [0x00000000ec400000,0x00000000ec460000,0x00000000ec480000)
  to   space 2048K, 0% used [0x00000000ec680000,0x00000000ec680000,0x00000000ec880000)
 ParOldGen       total 68608K, used 7150K [0x00000000c0000000, 0x00000000c4300000, 0x00000000eab00000)
  object space 68608K, 10% used [0x00000000c0000000,0x00000000c06fbb40,0x00000000c4300000)
 Metaspace       used 24670K, committed 25088K, reserved 1073152K
  class space    used 2401K, committed 2560K, reserved 1048576K
}
Event: 12.427 GC heap before
{Heap before GC invocations=7 (full 1):
 PSYoungGen      total 25600K, used 25472K [0x00000000eab00000, 0x00000000ec880000, 0x0000000100000000)
  eden space 25088K, 100% used [0x00000000eab00000,0x00000000ec380000,0x00000000ec380000)
  from space 512K, 75% used [0x00000000ec400000,0x00000000ec460000,0x00000000ec480000)
  to   space 2048K, 0% used [0x00000000ec680000,0x00000000ec680000,0x00000000ec880000)
 ParOldGen       total 68608K, used 7150K [0x00000000c0000000, 0x00000000c4300000, 0x00000000eab00000)
  object space 68608K, 10% used [0x00000000c0000000,0x00000000c06fbb40,0x00000000c4300000)
 Metaspace       used 27655K, committed 28032K, reserved 1081344K
  class space    used 2670K, committed 2816K, reserved 1048576K
}
Event: 12.429 GC heap after
{Heap after GC invocations=7 (full 1):
 PSYoungGen      total 26112K, used 1096K [0x00000000eab00000, 0x00000000ec800000, 0x0000000100000000)
  eden space 24576K, 0% used [0x00000000eab00000,0x00000000eab00000,0x00000000ec300000)
  from space 1536K, 71% used [0x00000000ec680000,0x00000000ec792000,0x00000000ec800000)
  to   space 1536K, 0% used [0x00000000ec500000,0x00000000ec500000,0x00000000ec680000)
 ParOldGen       total 68608K, used 7158K [0x00000000c0000000, 0x00000000c4300000, 0x00000000eab00000)
  object space 68608K, 10% used [0x00000000c0000000,0x00000000c06fdb40,0x00000000c4300000)
 Metaspace       used 27655K, committed 28032K, reserved 1081344K
  class space    used 2670K, committed 2816K, reserved 1048576K
}
Event: 13.986 GC heap before
{Heap before GC invocations=8 (full 1):
 PSYoungGen      total 26112K, used 25672K [0x00000000eab00000, 0x00000000ec800000, 0x0000000100000000)
  eden space 24576K, 100% used [0x00000000eab00000,0x00000000ec300000,0x00000000ec300000)
  from space 1536K, 71% used [0x00000000ec680000,0x00000000ec792000,0x00000000ec800000)
  to   space 1536K, 0% used [0x00000000ec500000,0x00000000ec500000,0x00000000ec680000)
 ParOldGen       total 68608K, used 7158K [0x00000000c0000000, 0x00000000c4300000, 0x00000000eab00000)
  object space 68608K, 10% used [0x00000000c0000000,0x00000000c06fdb40,0x00000000c4300000)
 Metaspace       used 31920K, committed 32448K, reserved 1081344K
  class space    used 3220K, committed 3456K, reserved 1048576K
}
Event: 13.988 GC heap after
{Heap after GC invocations=8 (full 1):
 PSYoungGen      total 25600K, used 1518K [0x00000000eab00000, 0x00000000ec780000, 0x0000000100000000)
  eden space 24064K, 0% used [0x00000000eab00000,0x00000000eab00000,0x00000000ec280000)
  from space 1536K, 98% used [0x00000000ec500000,0x00000000ec67ba10,0x00000000ec680000)
  to   space 1024K, 0% used [0x00000000ec680000,0x00000000ec680000,0x00000000ec780000)
 ParOldGen       total 68608K, used 7892K [0x00000000c0000000, 0x00000000c4300000, 0x00000000eab00000)
  object space 68608K, 11% used [0x00000000c0000000,0x00000000c07b5210,0x00000000c4300000)
 Metaspace       used 31920K, committed 32448K, reserved 1081344K
  class space    used 3220K, committed 3456K, reserved 1048576K
}

Deoptimization events (20 events):
Event: 13.397 Thread 0x000002181e3a35d0 Uncommon trap: trap_request=0xffffff76 fr.pc=0x0000021828c015c4 relative=0x0000000000000604
Event: 13.397 Thread 0x000002181e3a35d0 Uncommon trap: reason=predicate action=maybe_recompile pc=0x0000021828c015c4 method=java.util.TreeMap.getEntryUsingComparator(Ljava/lang/Object;)Ljava/util/TreeMap$Entry; @ 19 c2
Event: 13.397 Thread 0x000002181e3a35d0 DEOPT PACKING pc=0x0000021828c015c4 sp=0x0000004a6b9fe2b0
Event: 13.397 Thread 0x000002181e3a35d0 DEOPT UNPACKING pc=0x00000218210820a3 sp=0x0000004a6b9fe260 mode 2
Event: 13.827 Thread 0x000002181e3a35d0 Uncommon trap: trap_request=0xffffff45 fr.pc=0x0000021828bbacb4 relative=0x0000000000000114
Event: 13.827 Thread 0x000002181e3a35d0 Uncommon trap: reason=unstable_if action=reinterpret pc=0x0000021828bbacb4 method=jdk.internal.org.objectweb.asm.SymbolTable.put(Ljdk/internal/org/objectweb/asm/SymbolTable$Entry;)Ljdk/internal/org/objectweb/asm/SymbolTable$Entry; @ 13 c2
Event: 13.827 Thread 0x000002181e3a35d0 DEOPT PACKING pc=0x0000021828bbacb4 sp=0x0000004a6b9fdb20
Event: 13.827 Thread 0x000002181e3a35d0 DEOPT UNPACKING pc=0x00000218210820a3 sp=0x0000004a6b9fda80 mode 2
Event: 14.016 Thread 0x0000021837572700 Uncommon trap: trap_request=0xffffff45 fr.pc=0x0000021828b652cc relative=0x00000000000001ac
Event: 14.016 Thread 0x0000021837572700 Uncommon trap: reason=unstable_if action=reinterpret pc=0x0000021828b652cc method=java.net.URI$Parser.scan(IIJJ)I @ 42 c2
Event: 14.016 Thread 0x0000021837572700 DEOPT PACKING pc=0x0000021828b652cc sp=0x0000004a6ddfdaf0
Event: 14.016 Thread 0x0000021837572700 DEOPT UNPACKING pc=0x00000218210820a3 sp=0x0000004a6ddfda70 mode 2
Event: 14.190 Thread 0x0000021837570a20 Uncommon trap: trap_request=0xffffff45 fr.pc=0x0000021828be3370 relative=0x0000000000001090
Event: 14.190 Thread 0x0000021837570a20 Uncommon trap: reason=unstable_if action=reinterpret pc=0x0000021828be3370 method=java.util.Properties.loadConvert([CIILjava/lang/StringBuilder;)Ljava/lang/String; @ 477 c2
Event: 14.190 Thread 0x0000021837570a20 DEOPT PACKING pc=0x0000021828be3370 sp=0x0000004a6d7fd1f0
Event: 14.190 Thread 0x0000021837570a20 DEOPT UNPACKING pc=0x00000218210820a3 sp=0x0000004a6d7fd1e0 mode 2
Event: 14.253 Thread 0x0000021837570a20 DEOPT PACKING pc=0x0000021821a63e9e sp=0x0000004a6d7fd900
Event: 14.254 Thread 0x0000021837570a20 DEOPT UNPACKING pc=0x0000021821082843 sp=0x0000004a6d7fcdf8 mode 0
Event: 14.255 Thread 0x0000021837570a20 DEOPT PACKING pc=0x0000021821a63e9e sp=0x0000004a6d7fd900
Event: 14.255 Thread 0x0000021837570a20 DEOPT UNPACKING pc=0x0000021821082843 sp=0x0000004a6d7fcdf8 mode 0

Classes unloaded (7 events):
Event: 10.609 Thread 0x0000021833d81fd0 Unloading class 0x0000000100212800 'java/lang/invoke/LambdaForm$MH+0x0000000100212800'
Event: 10.609 Thread 0x0000021833d81fd0 Unloading class 0x0000000100212400 'java/lang/invoke/LambdaForm$MH+0x0000000100212400'
Event: 10.609 Thread 0x0000021833d81fd0 Unloading class 0x0000000100212000 'java/lang/invoke/LambdaForm$MH+0x0000000100212000'
Event: 10.609 Thread 0x0000021833d81fd0 Unloading class 0x0000000100211800 'java/lang/invoke/LambdaForm$MH+0x0000000100211800'
Event: 10.609 Thread 0x0000021833d81fd0 Unloading class 0x0000000100211400 'java/lang/invoke/LambdaForm$BMH+0x0000000100211400'
Event: 10.609 Thread 0x0000021833d81fd0 Unloading class 0x0000000100211000 'java/lang/invoke/LambdaForm$DMH+0x0000000100211000'
Event: 10.609 Thread 0x0000021833d81fd0 Unloading class 0x000000010020e400 'java/lang/invoke/LambdaForm$DMH+0x000000010020e400'

Classes redefined (0 events):
No events

Internal exceptions (20 events):
Event: 10.441 Thread 0x00000218356bded0 Exception <a 'java/lang/NoSuchMethodError'{0x00000000eac859b0}: 'int java.lang.invoke.DirectMethodHandle$Holder.invokeStaticInit(java.lang.Object, java.lang.Object, java.lang.Object)'> (0x00000000eac859b0) 
thrown [s\src\hotspot\share\interpreter\linkResolver.cpp, line 759]
Event: 10.462 Thread 0x00000218356bded0 Exception <a 'java/lang/IncompatibleClassChangeError'{0x00000000eacec538}: Found class java.lang.Object, but interface was expected> (0x00000000eacec538) 
thrown [s\src\hotspot\share\interpreter\linkResolver.cpp, line 826]
Event: 10.544 Thread 0x0000021837570a20 Exception <a 'java/io/FileNotFoundException'{0x00000000eac4ee10}> (0x00000000eac4ee10) 
thrown [s\src\hotspot\share\prims\jni.cpp, line 516]
Event: 11.441 Thread 0x00000218356bded0 Exception <a 'java/lang/ClassNotFoundException'{0x00000000ebf24808}: com/sun/org/apache/xerces/internal/impl/msg/spi/DOMMessagesProvider> (0x00000000ebf24808) 
thrown [s\src\hotspot\share\classfile\systemDictionary.cpp, line 256]
Event: 11.446 Thread 0x00000218356bded0 Implicit null exception at 0x0000021828bbdc78 to 0x0000021828bbe8ec
Event: 11.448 Thread 0x00000218356bded0 Exception <a 'java/lang/ClassNotFoundException'{0x00000000ebf4b298}: com/sun/org/apache/xerces/internal/impl/msg/spi/XMLSerializerMessagesProvider> (0x00000000ebf4b298) 
thrown [s\src\hotspot\share\classfile\systemDictionary.cpp, line 256]
Event: 11.451 Thread 0x00000218356bded0 Exception <a 'java/lang/ClassNotFoundException'{0x00000000ebf587b0}: com/sun/org/apache/xerces/internal/impl/msg/spi/XMLMessagesProvider> (0x00000000ebf587b0) 
thrown [s\src\hotspot\share\classfile\systemDictionary.cpp, line 256]
Event: 12.085 Thread 0x00000218356bded0 Exception <a 'java/lang/NoSuchMethodError'{0x00000000ec1a27b0}: 'java.lang.Object java.lang.invoke.DirectMethodHandle$Holder.invokeStaticInit(java.lang.Object, int, int, int, int)'> (0x00000000ec1a27b0) 
thrown [s\src\hotspot\share\interpreter\linkResolver.cpp, line 759]
Event: 12.375 Thread 0x00000218356bded0 Exception <a 'java/lang/NoSuchMethodError'{0x00000000ec2cd2d0}: 'java.lang.Object java.lang.invoke.DirectMethodHandle$Holder.invokeStaticInit(java.lang.Object, java.lang.Object, int, int, int, int)'> (0x00000000ec2cd2d0) 
thrown [s\src\hotspot\share\interpreter\linkResolver.cpp, line 759]
Event: 12.645 Thread 0x00000218356bded0 Exception <a 'java/lang/ClassNotFoundException'{0x00000000ead52f30}: com/sun/org/apache/xml/internal/serializer/spi/XMLEntitiesProvider> (0x00000000ead52f30) 
thrown [s\src\hotspot\share\classfile\systemDictionary.cpp, line 256]
Event: 13.046 Thread 0x00000218356bded0 Exception <a 'java/io/FileNotFoundException'{0x00000000eb0b0068}> (0x00000000eb0b0068) 
thrown [s\src\hotspot\share\prims\jni.cpp, line 516]
Event: 13.329 Thread 0x00000218356bded0 Exception <a 'java/lang/UnsatisfiedLinkError'{0x00000000eb40b170}: The specified procedure could not be found.
> (0x00000000eb40b170) 
thrown [s\src\hotspot\share\prims\jni.cpp, line 535]
Event: 13.339 Thread 0x00000218356bded0 Exception <a 'java/io/FileNotFoundException'{0x00000000eb42e0e0}> (0x00000000eb42e0e0) 
thrown [s\src\hotspot\share\prims\jni.cpp, line 516]
Event: 13.357 Thread 0x00000218356bded0 Exception <a 'java/io/FileNotFoundException'{0x00000000eb4a0668}> (0x00000000eb4a0668) 
thrown [s\src\hotspot\share\prims\jni.cpp, line 516]
Event: 13.379 Thread 0x00000218356bded0 Exception <a 'java/lang/UnsatisfiedLinkError'{0x00000000eb52ba70}: The specified procedure could not be found.
> (0x00000000eb52ba70) 
thrown [s\src\hotspot\share\prims\jni.cpp, line 535]
Event: 13.493 Thread 0x000002181e3a35d0 Exception <a 'java/lang/NoSuchMethodError'{0x00000000eb7e9cd0}: 'void java.lang.invoke.DirectMethodHandle$Holder.invokeStatic(java.lang.Object, java.lang.Object, java.lang.Object, java.lang.Object)'> (0x00000000eb7e9cd0) 
thrown [s\src\hotspot\share\interpreter\linkResolver.cpp, line 759]
Event: 13.805 Thread 0x000002181e3a35d0 Exception <a 'java/lang/NoSuchMethodError'{0x00000000ebf3a218}: 'void java.lang.invoke.DirectMethodHandle$Holder.invokeSpecial(java.lang.Object, java.lang.Object, java.lang.Object, java.lang.Object, java.lang.Object, java.lang.Object)'> (0x00000000ebf3a218) 
thrown [s\src\hotspot\share\interpreter\linkResolver.cpp, line 759]
Event: 13.806 Thread 0x000002181e3a35d0 Exception <a 'java/lang/NoSuchMethodError'{0x00000000ebf418d0}: 'java.lang.Object java.lang.invoke.DirectMethodHandle$Holder.newInvokeSpecial(java.lang.Object, java.lang.Object, java.lang.Object, java.lang.Object, java.lang.Object)'> (0x00000000ebf418d0) 
thrown [s\src\hotspot\share\interpreter\linkResolver.cpp, line 759]
Event: 14.022 Thread 0x0000021837572700 Exception <a 'java/io/FileNotFoundException'{0x00000000eaba6b28}> (0x00000000eaba6b28) 
thrown [s\src\hotspot\share\prims\jni.cpp, line 516]
Event: 14.173 Thread 0x0000021837572700 Exception <a 'java/lang/NoSuchMethodError'{0x00000000eafdd400}: 'int java.lang.invoke.DirectMethodHandle$Holder.invokeVirtual(java.lang.Object, java.lang.Object)'> (0x00000000eafdd400) 
thrown [s\src\hotspot\share\interpreter\linkResolver.cpp, line 759]

VM Operations (20 events):
Event: 10.373 Executing VM operation: ParallelGCFailedAllocation
Event: 10.379 Executing VM operation: ParallelGCFailedAllocation done
Event: 10.524 Executing VM operation: HandshakeAllThreads
Event: 10.524 Executing VM operation: HandshakeAllThreads done
Event: 10.604 Executing VM operation: CollectForMetadataAllocation
Event: 10.629 Executing VM operation: CollectForMetadataAllocation done
Event: 11.121 Executing VM operation: ParallelGCFailedAllocation
Event: 11.123 Executing VM operation: ParallelGCFailedAllocation done
Event: 11.523 Executing VM operation: HandshakeAllThreads
Event: 11.523 Executing VM operation: HandshakeAllThreads done
Event: 12.427 Executing VM operation: ParallelGCFailedAllocation
Event: 12.429 Executing VM operation: ParallelGCFailedAllocation done
Event: 12.842 Executing VM operation: HandshakeAllThreads
Event: 12.842 Executing VM operation: HandshakeAllThreads done
Event: 13.301 Executing VM operation: HandshakeAllThreads
Event: 13.301 Executing VM operation: HandshakeAllThreads done
Event: 13.985 Executing VM operation: ParallelGCFailedAllocation
Event: 13.988 Executing VM operation: ParallelGCFailedAllocation done
Event: 15.001 Executing VM operation: Cleanup
Event: 15.280 Executing VM operation: Cleanup done

Events (20 events):
Event: 14.072 loading class java/util/concurrent/ForkJoinPool$DefaultForkJoinWorkerThreadFactory done
Event: 14.073 loading class java/util/concurrent/ForkJoinPool$1
Event: 14.073 loading class java/util/concurrent/ForkJoinPool$1 done
Event: 14.073 loading class java/util/concurrent/ForkJoinPool$DefaultCommonPoolForkJoinWorkerThreadFactory
Event: 14.073 loading class java/util/concurrent/ForkJoinPool$DefaultCommonPoolForkJoinWorkerThreadFactory done
Event: 14.073 loading class java/util/concurrent/ForkJoinPool$WorkQueue
Event: 14.074 loading class java/util/concurrent/ForkJoinPool$WorkQueue done
Event: 14.074 loading class java/util/concurrent/CompletableFuture$Completion
Event: 14.075 loading class java/util/concurrent/CompletableFuture$AsynchronousCompletionTask
Event: 14.076 loading class java/util/concurrent/CompletableFuture$AsynchronousCompletionTask done
Event: 14.076 loading class java/util/concurrent/ForkJoinTask
Event: 14.076 loading class java/util/concurrent/ForkJoinTask done
Event: 14.076 loading class java/util/concurrent/CompletableFuture$Completion done
Event: 14.087 Thread 0x0000021836f339c0 Thread added: 0x0000021836f339c0
Event: 14.122 loading class javax/xml/parsers/FactoryConfigurationError
Event: 14.123 loading class javax/xml/parsers/FactoryConfigurationError done
Event: 14.174 loading class java/util/stream/SortedOps$SizedRefSortingSink
Event: 14.175 loading class java/util/stream/SortedOps$SizedRefSortingSink done
Event: 14.262 loading class java/io/UncheckedIOException
Event: 14.263 loading class java/io/UncheckedIOException done


Dynamic libraries:
0x00007ff765720000 - 0x00007ff76572e000 	c:\Users\DELL\.antigravity\extensions\redhat.java-1.12.0-win32-x64\jre\17.0.4.1-win32-x86_64\bin\java.exe
0x00007ffc0eec0000 - 0x00007ffc0f127000 	C:\WINDOWS\SYSTEM32\ntdll.dll
0x00007ffc0e1e0000 - 0x00007ffc0e2a9000 	C:\WINDOWS\System32\KERNEL32.DLL
0x00007ffc0b7d0000 - 0x00007ffc0bbc1000 	C:\WINDOWS\System32\KERNELBASE.dll
0x00007ffc0bf70000 - 0x00007ffc0c0bb000 	C:\WINDOWS\System32\ucrtbase.dll
0x00007ffbc9b10000 - 0x00007ffbc9b29000 	c:\Users\DELL\.antigravity\extensions\redhat.java-1.12.0-win32-x64\jre\17.0.4.1-win32-x86_64\bin\VCRUNTIME140.dll
0x00007ffbc9af0000 - 0x00007ffbc9b08000 	c:\Users\DELL\.antigravity\extensions\redhat.java-1.12.0-win32-x64\jre\17.0.4.1-win32-x86_64\bin\jli.dll
0x00007ffc0eac0000 - 0x00007ffc0ec85000 	C:\WINDOWS\System32\USER32.dll
0x00007ffbfad60000 - 0x00007ffbfaff3000 	C:\WINDOWS\WinSxS\amd64_microsoft.windows.common-controls_6595b64144ccf1df_6.0.26100.8037_none_3e092faae333b53b\COMCTL32.dll
0x00007ffc0b7a0000 - 0x00007ffc0b7c7000 	C:\WINDOWS\System32\win32u.dll
0x00007ffc0edd0000 - 0x00007ffc0ee79000 	C:\WINDOWS\System32\msvcrt.dll
0x00007ffc0ea90000 - 0x00007ffc0eabb000 	C:\WINDOWS\System32\GDI32.dll
0x00007ffc0c930000 - 0x00007ffc0ca5b000 	C:\WINDOWS\System32\gdi32full.dll
0x00007ffc0bbd0000 - 0x00007ffc0bc73000 	C:\WINDOWS\System32\msvcp_win.dll
0x00007ffc0ec90000 - 0x00007ffc0ecc1000 	C:\WINDOWS\System32\IMM32.DLL
0x00007ffbf43e0000 - 0x00007ffbf43ec000 	c:\Users\DELL\.antigravity\extensions\redhat.java-1.12.0-win32-x64\jre\17.0.4.1-win32-x86_64\bin\vcruntime140_1.dll
0x00007ffb98cb0000 - 0x00007ffb98d41000 	c:\Users\DELL\.antigravity\extensions\redhat.java-1.12.0-win32-x64\jre\17.0.4.1-win32-x86_64\bin\msvcp140.dll
0x00007ffb4d810000 - 0x00007ffb4e456000 	c:\Users\DELL\.antigravity\extensions\redhat.java-1.12.0-win32-x64\jre\17.0.4.1-win32-x86_64\bin\server\jvm.dll
0x00007ffc0e090000 - 0x00007ffc0e14b000 	C:\WINDOWS\System32\ADVAPI32.dll
0x00007ffc0e9e0000 - 0x00007ffc0ea87000 	C:\WINDOWS\System32\sechost.dll
0x00007ffc0d7e0000 - 0x00007ffc0d8f8000 	C:\WINDOWS\System32\RPCRT4.dll
0x00007ffc0e150000 - 0x00007ffc0e158000 	C:\WINDOWS\System32\PSAPI.DLL
0x00007ffc04ea0000 - 0x00007ffc04ed5000 	C:\WINDOWS\SYSTEM32\WINMM.dll
0x00007ffc04ee0000 - 0x00007ffc04eeb000 	C:\WINDOWS\SYSTEM32\VERSION.dll
0x00007ffb63150000 - 0x00007ffb6315a000 	C:\WINDOWS\SYSTEM32\WSOCK32.dll
0x00007ffc0e340000 - 0x00007ffc0e3b4000 	C:\WINDOWS\System32\ws2_32.DLL
0x00007ffc0a530000 - 0x00007ffc0a54b000 	C:\WINDOWS\SYSTEM32\kernel.appcore.dll
0x00007ffbf0d60000 - 0x00007ffbf0d6a000 	c:\Users\DELL\.antigravity\extensions\redhat.java-1.12.0-win32-x64\jre\17.0.4.1-win32-x86_64\bin\jimage.dll
0x00007ffbfeda0000 - 0x00007ffbfefe2000 	C:\WINDOWS\SYSTEM32\DBGHELP.DLL
0x00007ffc0e620000 - 0x00007ffc0e9a2000 	C:\WINDOWS\System32\combase.dll
0x00007ffc0dfb0000 - 0x00007ffc0e087000 	C:\WINDOWS\System32\OLEAUT32.dll
0x00007ffbfac70000 - 0x00007ffbfacab000 	C:\WINDOWS\SYSTEM32\dbgcore.DLL
0x00007ffc0bec0000 - 0x00007ffc0bf65000 	C:\WINDOWS\System32\bcryptPrimitives.dll
0x00007ffbf0a90000 - 0x00007ffbf0a9e000 	c:\Users\DELL\.antigravity\extensions\redhat.java-1.12.0-win32-x64\jre\17.0.4.1-win32-x86_64\bin\instrument.dll
0x00007ffbdb780000 - 0x00007ffbdb7a5000 	c:\Users\DELL\.antigravity\extensions\redhat.java-1.12.0-win32-x64\jre\17.0.4.1-win32-x86_64\bin\java.dll
0x00007ffbeec60000 - 0x00007ffbeec78000 	c:\Users\DELL\.antigravity\extensions\redhat.java-1.12.0-win32-x64\jre\17.0.4.1-win32-x86_64\bin\zip.dll
0x00007ffc0d070000 - 0x00007ffc0d7cf000 	C:\WINDOWS\System32\SHELL32.dll
0x00007ffc0ca60000 - 0x00007ffc0cbca000 	C:\WINDOWS\System32\wintypes.dll
0x00007ffc0c0c0000 - 0x00007ffc0c924000 	C:\WINDOWS\System32\windows.storage.dll
0x00007ffc0ecd0000 - 0x00007ffc0edc7000 	C:\WINDOWS\System32\SHCORE.dll
0x00007ffc0d960000 - 0x00007ffc0d9c7000 	C:\WINDOWS\System32\shlwapi.dll
0x00007ffc0b6c0000 - 0x00007ffc0b6e9000 	C:\WINDOWS\SYSTEM32\profapi.dll
0x00007ffbc3e20000 - 0x00007ffbc3e39000 	C:\Users\DELL\.antigravity\extensions\redhat.java-1.12.0-win32-x64\jre\17.0.4.1-win32-x86_64\bin\net.dll
0x00007ffc01ae0000 - 0x00007ffc01c07000 	C:\WINDOWS\SYSTEM32\WINHTTP.dll
0x00007ffc0aaa0000 - 0x00007ffc0ab0b000 	C:\WINDOWS\system32\mswsock.dll
0x00007ffbc3e00000 - 0x00007ffbc3e15000 	C:\Users\DELL\.antigravity\extensions\redhat.java-1.12.0-win32-x64\jre\17.0.4.1-win32-x86_64\bin\nio.dll
0x00007ffbefed0000 - 0x00007ffbefee0000 	c:\Users\DELL\.antigravity\extensions\redhat.java-1.12.0-win32-x64\jre\17.0.4.1-win32-x86_64\bin\verify.dll
0x00007ffc012a0000 - 0x00007ffc012de000 	C:\Users\DELL\AppData\Roaming\Antigravity\User\globalStorage\redhat.java\1.12.0\config_ss_win\org.eclipse.equinox.launcher\org.eclipse.equinox.launcher.win32.win32.x86_64_1.2.600.v20220720-1916\eclipse_11700.dll
0x00007ffc0cc60000 - 0x00007ffc0cdf5000 	C:\WINDOWS\System32\ole32.dll
0x00007ffc0ad90000 - 0x00007ffc0adab000 	C:\WINDOWS\SYSTEM32\CRYPTSP.dll
0x00007ffc0a490000 - 0x00007ffc0a4c9000 	C:\WINDOWS\system32\rsaenh.dll
0x00007ffc0ab50000 - 0x00007ffc0ab82000 	C:\WINDOWS\SYSTEM32\USERENV.dll
0x00007ffc0b690000 - 0x00007ffc0b6ba000 	C:\WINDOWS\SYSTEM32\bcrypt.dll
0x00007ffc0ad80000 - 0x00007ffc0ad8c000 	C:\WINDOWS\SYSTEM32\CRYPTBASE.dll
0x00007ffc09f70000 - 0x00007ffc09fa3000 	C:\WINDOWS\SYSTEM32\IPHLPAPI.DLL
0x00007ffc0d900000 - 0x00007ffc0d90a000 	C:\WINDOWS\System32\NSI.dll
0x00007ffc021e0000 - 0x00007ffc021fd000 	C:\WINDOWS\SYSTEM32\dhcpcsvc6.DLL
0x00007ffc021b0000 - 0x00007ffc021d3000 	C:\WINDOWS\SYSTEM32\dhcpcsvc.DLL
0x00007ffc0a010000 - 0x00007ffc0a13a000 	C:\WINDOWS\SYSTEM32\DNSAPI.dll
0x00007ffbc44a0000 - 0x00007ffbc44e0000 	C:\Users\DELL\AppData\Local\Temp\jna-2094529\jna17526773760293316447.dll

dbghelp: loaded successfully - version: 4.0.5 - missing functions: none
symbol engine: initialized successfully - sym options: 0x614 - pdb path: .;c:\Users\DELL\.antigravity\extensions\redhat.java-1.12.0-win32-x64\jre\17.0.4.1-win32-x86_64\bin;C:\WINDOWS\SYSTEM32;C:\WINDOWS\WinSxS\amd64_microsoft.windows.common-controls_6595b64144ccf1df_6.0.26100.8037_none_3e092faae333b53b;c:\Users\DELL\.antigravity\extensions\redhat.java-1.12.0-win32-x64\jre\17.0.4.1-win32-x86_64\bin\server;C:\Users\DELL\AppData\Roaming\Antigravity\User\globalStorage\redhat.java\1.12.0\config_ss_win\org.eclipse.equinox.launcher\org.eclipse.equinox.launcher.win32.win32.x86_64_1.2.600.v20220720-1916;C:\Users\DELL\AppData\Local\Temp\jna-2094529

VM Arguments:
jvm_args: --add-modules=ALL-SYSTEM --add-opens=java.base/java.util=ALL-UNNAMED --add-opens=java.base/java.lang=ALL-UNNAMED --add-opens=java.base/sun.nio.fs=ALL-UNNAMED -Declipse.application=org.eclipse.jdt.ls.core.id1 -Dosgi.bundles.defaultStartLevel=4 -Declipse.product=org.eclipse.jdt.ls.core.product -Djava.import.generatesMetadataFilesAtProjectRoot=false -Dfile.encoding=utf8 -XX:+UseParallelGC -XX:GCTimeRatio=4 -XX:AdaptiveSizePolicyWeight=90 -Dsun.zip.disableMemoryMapping=true -Xmx1G -Xms100m -Xlog:disable -javaagent:c:\Users\DELL\.antigravity\extensions\redhat.java-1.12.0-win32-x64\lombok\lombok-1.18.24.jar 
java_command: c:\Users\DELL\.antigravity\extensions\redhat.java-1.12.0-win32-x64\server\plugins\org.eclipse.equinox.launcher_1.6.400.v20210924-0641.jar -configuration c:\Users\DELL\AppData\Roaming\Antigravity\User\globalStorage\redhat.java\1.12.0\config_ss_win -data c:\Users\DELL\AppData\Roaming\Antigravity\User\workspaceStorage\567a20315345c5a1b44632ad1a5a819e\redhat.java\ss_ws
java_class_path (initial): c:\Users\DELL\.antigravity\extensions\redhat.java-1.12.0-win32-x64\server\plugins\org.eclipse.equinox.launcher_1.6.400.v20210924-0641.jar
Launcher Type: SUN_STANDARD

[Global flags]
    uintx AdaptiveSizePolicyWeight                 = 90                                        {product} {command line}
     intx CICompilerCount                          = 4                                         {product} {ergonomic}
    uintx GCTimeRatio                              = 4                                         {product} {command line}
   size_t InitialHeapSize                          = 104857600                                 {product} {command line}
   size_t MaxHeapSize                              = 1073741824                                {product} {command line}
   size_t MaxNewSize                               = 357564416                                 {product} {ergonomic}
   size_t MinHeapDeltaBytes                        = 524288                                    {product} {ergonomic}
   size_t MinHeapSize                              = 104857600                                 {product} {command line}
   size_t NewSize                                  = 34603008                                  {product} {ergonomic}
    uintx NonNMethodCodeHeapSize                   = 5839372                                {pd product} {ergonomic}
    uintx NonProfiledCodeHeapSize                  = 122909434                              {pd product} {ergonomic}
   size_t OldSize                                  = 70254592                                  {product} {ergonomic}
    uintx ProfiledCodeHeapSize                     = 122909434                              {pd product} {ergonomic}
    uintx ReservedCodeCacheSize                    = 251658240                              {pd product} {ergonomic}
     bool SegmentedCodeCache                       = true                                      {product} {ergonomic}
   size_t SoftMaxHeapSize                          = 1073741824                             {manageable} {ergonomic}
     bool UseCompressedClassPointers               = true                           {product lp64_product} {ergonomic}
     bool UseCompressedOops                        = true                           {product lp64_product} {ergonomic}
     bool UseLargePagesIndividualAllocation        = false                                  {pd product} {ergonomic}
     bool UseParallelGC                            = true                                      {product} {command line}

Logging:
Log output configuration:
 #0: stdout all=off uptime,level,tags
 #1: stderr all=off uptime,level,tags

Environment Variables:
JAVA_HOME=C:\Program Files\Java
PATH=C:\Program Files\Common Files\Oracle\Java\javapath;C:\WINDOWS\system32;C:\WINDOWS;C:\WINDOWS\System32\Wbem;C:\WINDOWS\System32\WindowsPowerShell\v1.0\;C:\WINDOWS\System32\OpenSSH\;C:\Program Files\dotnet\;C:\Program Files\Java\jdk-21\bin;C:\Program Files (x86)\Microsoft SQL Server\160\Tools\Binn\;C:\Program Files\Microsoft SQL Server\160\Tools\Binn\;C:\Program Files\Microsoft SQL Server\Client SDK\ODBC\170\Tools\Binn\;C:\Program Files\Microsoft SQL Server\160\DTS\Binn\;C:\Program Files\Git\cmd;C:\Program Files\nodejs\;C:\Program Files\PuTTY\;C:\Users\DELL\AppData\Local\Programs\Python\Launcher\;C:\Users\DELL\AppData\Local\Microsoft\WindowsApps;C:\Users\DELL\AppData\Roaming\npm;C:\Users\DELL\AppData\Local\Programs\Antigravity\bin
USERNAME=DELL
OS=Windows_NT
PROCESSOR_IDENTIFIER=AMD64 Family 23 Model 104 Stepping 1, AuthenticAMD
TMP=C:\Users\DELL\AppData\Local\Temp
TEMP=C:\Users\DELL\AppData\Local\Temp



---------------  S Y S T E M  ---------------

OS:
 Windows 11 , 64 bit Build 26100 (10.0.26100.7920)
OS uptime: 0 days 4:58 hours
Hyper-V role detected

CPU: total 12 (initial active 12) (12 cores per cpu, 2 threads per core) family 23 model 104 stepping 1 microcode 0x8608109, cx8, cmov, fxsr, ht, mmx, 3dnowpref, sse, sse2, sse3, ssse3, sse4a, sse4.1, sse4.2, popcnt, lzcnt, tsc, tscinvbit, avx, avx2, aes, clmul, bmi1, bmi2, adx, sha, fma, vzeroupper, clflush, clflushopt, hv

Memory: 4k page, system-wide physical 15720M (696M free)
TotalPageFile size 26351M (AvailPageFile size 1M)
current process WorkingSet (physical memory assigned to process): 152M, peak: 152M
current process commit charge ("private bytes"): 261M, peak: 262M

vm_info: OpenJDK 64-Bit Server VM (17.0.4.1+1) for windows-amd64 JRE (17.0.4.1+1), built on Aug 17 2022 07:42:43 by "temurin" with MS VC++ 16.7 (VS2019)

END.
